2026-07-31 02:32:57.913 INFO  [main] c.e.apidrift.ApiDriftApplication : Starting ApiDriftApplication using Java 21.0.2 with PID 40753 (/Users/nishant/CODE/api-drift-engine/target/classes started by nishant in /Users/nishant/CODE/api-drift-engine)
2026-07-31 02:32:57.921 DEBUG [main] c.e.apidrift.ApiDriftApplication : Running with Spring Boot v3.3.0, Spring v6.1.8
2026-07-31 02:32:57.921 INFO  [main] c.e.apidrift.ApiDriftApplication : The following 1 profile is active: "h2"
2026-07-31 02:32:59.786 INFO  [main] o.a.coyote.http11.Http11NioProtocol : Initializing ProtocolHandler ["http-nio-8080"]
2026-07-31 02:32:59.788 INFO  [main] o.a.catalina.core.StandardService : Starting service [Tomcat]
2026-07-31 02:32:59.789 INFO  [main] o.a.catalina.core.StandardEngine : Starting Servlet engine: [Apache Tomcat/10.1.24]
2026-07-31 02:32:59.938 INFO  [main] o.a.c.c.C.[Tomcat].[localhost].[/] : Initializing Spring embedded WebApplicationContext
2026-07-31 02:33:01.144 WARN  [main] org.hibernate.orm.deprecation : HHH90000025: H2Dialect does not need to be specified explicitly using 'hibernate.dialect' (remove the property setting and it will be selected by default)
2026-07-31 02:33:02.681 INFO  [main] c.e.a.e.telemetry.TelemetryRegistry : Seeding telemetry registry with mock data for development
2026-07-31 02:33:02.758 ERROR [main] i.n.r.d.DnsServerAddressStreamProviders : Unable to load io.netty.resolver.dns.macos.MacOSDnsServerAddressStreamProvider, fallback to system defaults. This may result in incorrect DNS resolutions on MacOS. Check whether you have a dependency on 'io.netty:netty-resolver-dns-native-macos'. Use DEBUG level to see the full stack: java.lang.UnsatisfiedLinkError: failed to load the required native library
2026-07-31 02:33:02.821 INFO  [main] c.e.a.service.EncryptionService : Encryption service initialized with AES-256-GCM
2026-07-31 02:33:02.912 WARN  [main] o.s.b.a.o.j.JpaBaseConfiguration$JpaWebConfiguration : spring.jpa.open-in-view is enabled by default. Therefore, database queries may be performed during view rendering. Explicitly configure spring.jpa.open-in-view to disable this warning
2026-07-31 02:33:03.502 INFO  [main] o.a.coyote.http11.Http11NioProtocol : Starting ProtocolHandler ["http-nio-8080"]
2026-07-31 02:33:03.544 INFO  [main] c.e.apidrift.ApiDriftApplication : Started ApiDriftApplication in 5.908 seconds (process running for 6.139)
2026-07-31 02:33:04.147 INFO  [http-nio-8080-exec-1] o.a.c.c.C.[Tomcat].[localhost].[/] : Initializing Spring DispatcherServlet 'dispatcherServlet'
2026-07-31 02:33:04.147 INFO  [http-nio-8080-exec-1] o.s.web.servlet.DispatcherServlet : Initializing Servlet 'dispatcherServlet'
2026-07-31 02:33:04.148 DEBUG [http-nio-8080-exec-1] o.s.web.servlet.DispatcherServlet : Detected StandardServletMultipartResolver
2026-07-31 02:33:04.148 DEBUG [http-nio-8080-exec-1] o.s.web.servlet.DispatcherServlet : Detected AcceptHeaderLocaleResolver
2026-07-31 02:33:04.148 DEBUG [http-nio-8080-exec-1] o.s.web.servlet.DispatcherServlet : Detected FixedThemeResolver
2026-07-31 02:33:04.149 DEBUG [http-nio-8080-exec-1] o.s.web.servlet.DispatcherServlet : Detected org.springframework.web.servlet.view.DefaultRequestToViewNameTranslator@82560b6
2026-07-31 02:33:04.149 DEBUG [http-nio-8080-exec-1] o.s.web.servlet.DispatcherServlet : Detected org.springframework.web.servlet.support.SessionFlashMapManager@c0684ee
2026-07-31 02:33:04.149 DEBUG [http-nio-8080-exec-1] o.s.web.servlet.DispatcherServlet : enableLoggingRequestDetails='false': request parameters and headers will be masked to prevent unsafe logging of potentially sensitive data
2026-07-31 02:33:04.149 INFO  [http-nio-8080-exec-1] o.s.web.servlet.DispatcherServlet : Completed initialization in 2 ms
2026-07-31 02:33:04.173 DEBUG [http-nio-8080-exec-1] o.s.web.servlet.DispatcherServlet : GET "/actuator/health", parameters={}
2026-07-31 02:33:04.225 DEBUG [http-nio-8080-exec-1] o.s.web.servlet.DispatcherServlet : Completed 200 OK
2026-07-31 02:33:25.532 DEBUG [http-nio-8080-exec-2] o.s.web.servlet.DispatcherServlet : POST "/api/v1/vendors", parameters={}
2026-07-31 02:33:25.607 INFO  [http-nio-8080-exec-2] c.e.a.controller.VendorController : POST /api/v1/vendors — creating vendor 'snapshot-test-vendor'
2026-07-31 02:33:25.658 INFO  [http-nio-8080-exec-2] c.e.a.controller.VendorController : Vendor 'snapshot-test-vendor' created with id=1
2026-07-31 02:33:25.664 DEBUG [http-nio-8080-exec-2] o.s.web.servlet.DispatcherServlet : Completed 201 CREATED
2026-07-31 02:33:25.761 DEBUG [http-nio-8080-exec-4] o.s.web.servlet.DispatcherServlet : POST "/api/v1/diffs/trigger/1", parameters={}
2026-07-31 02:33:25.762 INFO  [http-nio-8080-exec-4] c.e.a.controller.DiffController : POST /api/v1/diffs/trigger/1 — manual diff triggered
2026-07-31 02:33:25.772 INFO  [http-nio-8080-exec-4] c.e.a.controller.DiffController : Manual diff triggered for vendor: snapshot-test-vendor
2026-07-31 02:33:25.773 INFO  [http-nio-8080-exec-4] c.e.a.service.IngestionOrchestrator : === Starting pipeline for vendor: snapshot-test-vendor ===
2026-07-31 02:33:25.933 DEBUG [http-nio-8080-exec-4] c.e.a.engine.EgressFetchService : SSRF validation passed for petstore3.swagger.io -> 35.171.251.226
2026-07-31 02:33:27.748 INFO  [http-nio-8080-exec-4] c.e.a.engine.EgressFetchService : Successfully fetched spec from https://petstore3.swagger.io/api/v3/openapi.json (17106 bytes) on attempt 1
2026-07-31 02:33:27.778 INFO  [http-nio-8080-exec-4] c.e.a.e.OpenApiNormalizationService : Parsed and normalized OpenAPI 3.0.4 spec
2026-07-31 02:33:27.784 INFO  [http-nio-8080-exec-4] c.e.a.e.DirectionalCompatibilityEvaluator : Compatibility evaluation complete: 0 total changes, 0 breaking
2026-07-31 02:33:27.789 INFO  [http-nio-8080-exec-4] c.e.a.engine.FingerprintService : Dedup complete: 0 total changes, 0 alertable
2026-07-31 02:33:27.791 INFO  [api-drift-alert-1] c.e.a.service.AlertDispatcherService : No alertable changes for vendor snapshot-test-vendor
2026-07-31 02:33:27.792 INFO  [http-nio-8080-exec-4] c.e.a.service.IngestionOrchestrator : === Pipeline complete for vendor snapshot-test-vendor: 0 changes, 0 breaking, 0 alerts ===
2026-07-31 02:33:27.804 DEBUG [http-nio-8080-exec-4] o.s.web.servlet.DispatcherServlet : Completed 200 OK
2026-07-31 02:33:29.063 DEBUG [http-nio-8080-exec-6] o.s.web.servlet.DispatcherServlet : GET "/api/v1/snapshots/1", parameters={}
2026-07-31 02:33:29.143 INFO  [http-nio-8080-exec-6] c.e.a.c.SpecSnapshotController : GET /api/v1/snapshots/1
2026-07-31 02:33:29.250 DEBUG [http-nio-8080-exec-6] o.s.web.servlet.DispatcherServlet : Completed 200 OK
2026-07-31 02:33:29.407 DEBUG [http-nio-8080-exec-8] o.s.web.servlet.DispatcherServlet : GET "/api/v1/snapshots/1/latest", parameters={}
2026-07-31 02:33:29.408 INFO  [http-nio-8080-exec-8] c.e.a.c.SpecSnapshotController : GET /api/v1/snapshots/1/latest
2026-07-31 02:33:29.413 DEBUG [http-nio-8080-exec-8] o.s.web.servlet.DispatcherServlet : Completed 200 OK
2026-07-31 03:24:30.235 INFO  [main] c.e.a.ApiDriftApplicationTests : Starting ApiDriftApplicationTests using Java 21.0.2 with PID 42379 (started by nishant in /Users/nishant/CODE/api-drift-engine)
2026-07-31 03:24:30.236 DEBUG [main] c.e.a.ApiDriftApplicationTests : Running with Spring Boot v3.3.0, Spring v6.1.8
2026-07-31 03:24:30.237 INFO  [main] c.e.a.ApiDriftApplicationTests : The following 1 profile is active: "test"
2026-07-31 03:24:32.299 WARN  [main] org.hibernate.orm.deprecation : HHH90000025: H2Dialect does not need to be specified explicitly using 'hibernate.dialect' (remove the property setting and it will be selected by default)
2026-07-31 03:24:34.246 DEBUG [main] c.e.a.e.telemetry.TelemetryRegistry : Mock data seeding is disabled (telemetry.seed-mock-data=false)
2026-07-31 03:24:34.346 ERROR [main] i.n.r.d.DnsServerAddressStreamProviders : Unable to load io.netty.resolver.dns.macos.MacOSDnsServerAddressStreamProvider, fallback to system defaults. This may result in incorrect DNS resolutions on MacOS. Check whether you have a dependency on 'io.netty:netty-resolver-dns-native-macos'. Use DEBUG level to see the full stack: java.lang.UnsatisfiedLinkError: failed to load the required native library
2026-07-31 03:24:34.477 INFO  [main] c.e.a.service.EncryptionService : Encryption service initialized with AES-256-GCM
2026-07-31 03:24:34.591 WARN  [main] o.s.b.a.o.j.JpaBaseConfiguration$JpaWebConfiguration : spring.jpa.open-in-view is enabled by default. Therefore, database queries may be performed during view rendering. Explicitly configure spring.jpa.open-in-view to disable this warning
2026-07-31 03:24:35.453 INFO  [main] c.e.a.ApiDriftApplicationTests : Started ApiDriftApplicationTests in 5.577 seconds (process running for 6.605)
2026-07-31 03:24:36.285 INFO  [main] c.e.a.c.SpecSnapshotController : GET /api/v1/snapshots/1
2026-07-31 03:24:36.467 INFO  [main] c.e.a.c.SpecSnapshotController : GET /api/v1/snapshots/1/99
2026-07-31 03:24:36.471 INFO  [main] c.e.a.c.SpecSnapshotController : GET /api/v1/snapshots/1/latest
2026-07-31 03:24:36.474 INFO  [main] c.e.a.c.SpecSnapshotController : GET /api/v1/snapshots/1/2
2026-07-31 03:24:36.477 INFO  [main] c.e.a.c.SpecSnapshotController : GET /api/v1/snapshots/99/2
2026-07-31 03:24:36.480 INFO  [main] c.e.a.c.SpecSnapshotController : GET /api/v1/snapshots/1/latest
2026-07-31 03:24:36.483 INFO  [main] c.e.a.c.SpecSnapshotController : GET /api/v1/snapshots/99
2026-07-31 03:24:36.622 INFO  [main] c.e.a.controller.TelemetryController : POST /api/v1/telemetry/register — service=payment-svc, vendor=1, endpoint=POST /api/pay
2026-07-31 03:24:36.623 INFO  [main] c.e.a.controller.TelemetryController : Service dependency registered: id=1, service=payment-svc → vendor=Stripe
2026-07-31 03:24:36.632 INFO  [main] c.e.a.controller.TelemetryController : POST /api/v1/telemetry/register — service=payment-svc, vendor=1, endpoint=POST /api/pay
2026-07-31 03:24:36.633 DEBUG [main] c.e.a.controller.TelemetryController : Dependency already registered: service=payment-svc, vendor=1, endpoint=/api/pay
2026-07-31 03:24:36.637 INFO  [main] c.e.a.controller.TelemetryController : DELETE /api/v1/telemetry/dependencies/1
2026-07-31 03:24:36.637 INFO  [main] c.e.a.controller.TelemetryController : Dependency id=1 deleted
2026-07-31 03:24:36.653 INFO  [main] c.e.a.controller.TelemetryController : GET /api/v1/telemetry/services/1
2026-07-31 03:24:36.658 INFO  [main] c.e.a.controller.TelemetryController : GET /api/v1/telemetry/dependencies — vendorId=null, serviceName=null
2026-07-31 03:24:36.661 INFO  [main] c.e.a.controller.TelemetryController : DELETE /api/v1/telemetry/dependencies/99
2026-07-31 03:24:36.661 WARN  [main] c.e.a.controller.TelemetryController : Dependency id=99 not found for delete
2026-07-31 03:24:36.664 INFO  [main] c.e.a.controller.TelemetryController : GET /api/v1/telemetry/dependencies — vendorId=1, serviceName=null
2026-07-31 03:24:36.666 INFO  [main] c.e.a.controller.TelemetryController : GET /api/v1/telemetry/dependencies — vendorId=1, serviceName=svc
2026-07-31 03:24:36.669 INFO  [main] c.e.a.controller.TelemetryController : GET /api/v1/telemetry/dependencies — vendorId=null, serviceName=payment-svc
2026-07-31 03:24:36.671 INFO  [main] c.e.a.controller.TelemetryController : POST /api/v1/telemetry/register — service=test-svc, vendor=99, endpoint=null null
2026-07-31 03:24:36.672 WARN  [main] c.e.a.controller.TelemetryController : Registration failed: vendor id=99 not found
2026-07-31 03:24:36.870 INFO  [main] c.e.a.controller.DiffController : GET /api/v1/diffs/history/1
2026-07-31 03:24:36.875 INFO  [main] c.e.a.controller.DiffController : GET /api/v1/diffs/history/99
2026-07-31 03:24:36.882 INFO  [main] c.e.a.controller.DiffController : POST /api/v1/diffs/trigger/1 — manual diff triggered
2026-07-31 03:24:36.882 INFO  [main] c.e.a.controller.DiffController : Manual diff triggered for vendor: Stripe
2026-07-31 03:24:36.889 INFO  [main] c.e.a.controller.DiffController : GET /api/v1/diffs/active/99
2026-07-31 03:24:36.891 INFO  [main] c.e.a.controller.DiffController : POST /api/v1/diffs/resolve/99 — manual resolution
2026-07-31 03:24:36.892 WARN  [main] c.e.a.controller.DiffController : Resolution failed: fingerprint id=99 not found
2026-07-31 03:24:36.894 INFO  [main] c.e.a.controller.DiffController : POST /api/v1/diffs/trigger/99 — manual diff triggered
2026-07-31 03:24:36.894 WARN  [main] c.e.a.controller.DiffController : Trigger failed: vendor id=99 not found
2026-07-31 03:24:36.897 INFO  [main] c.e.a.controller.DiffController : POST /api/v1/diffs/resolve/1 — manual resolution
2026-07-31 03:24:36.897 INFO  [main] c.e.a.controller.DiffController : Fingerprint abc resolved by unknown — no notes
2026-07-31 03:24:36.900 INFO  [main] c.e.a.controller.DiffController : GET /api/v1/diffs/active/1
2026-07-31 03:24:36.981 INFO  [main] c.e.a.controller.VendorController : PUT /api/v1/vendors/99 — updating to 'X'
2026-07-31 03:24:36.983 INFO  [main] c.e.a.controller.VendorController : GET /api/v1/vendors/99
2026-07-31 03:24:36.987 INFO  [main] c.e.a.controller.VendorController : POST /api/v1/vendors — creating vendor 'Stripe'
2026-07-31 03:24:36.988 INFO  [main] c.e.a.controller.VendorController : Vendor 'Stripe' created with id=1
2026-07-31 03:24:36.992 INFO  [main] c.e.a.controller.VendorController : POST /api/v1/vendors/1/health/reset
2026-07-31 03:24:37.015 INFO  [main] c.e.a.controller.VendorController : PUT /api/v1/vendors/1 — updating to 'New'
2026-07-31 03:24:37.016 INFO  [main] c.e.a.controller.VendorController : Vendor id=1 updated
2026-07-31 03:24:37.018 INFO  [main] c.e.a.controller.VendorController : GET /api/v1/vendors/99/health
2026-07-31 03:24:37.020 INFO  [main] c.e.a.controller.VendorController : DELETE /api/v1/vendors/1
2026-07-31 03:24:37.020 INFO  [main] c.e.a.controller.VendorController : Vendor id=1 deleted
2026-07-31 03:24:37.022 INFO  [main] c.e.a.controller.VendorController : DELETE /api/v1/vendors/99
2026-07-31 03:24:37.022 WARN  [main] c.e.a.controller.VendorController : Vendor id=99 not found for delete
2026-07-31 03:24:37.024 INFO  [main] c.e.a.controller.VendorController : POST /api/v1/vendors — creating vendor 'Stripe'
2026-07-31 03:24:37.024 WARN  [main] c.e.a.controller.VendorController : Vendor 'Stripe' already exists — conflict
2026-07-31 03:24:37.026 INFO  [main] c.e.a.controller.VendorController : GET /api/v1/vendors/1
2026-07-31 03:24:37.042 INFO  [main] c.e.a.controller.VendorController : GET /api/v1/vendors/1/health
2026-07-31 03:24:37.062 WARN  [main] c.e.a.service.VendorHealthService : Vendor 1 fetch failure 1/3 (1 total) — will retry
2026-07-31 03:24:37.062 INFO  [main] c.e.a.service.VendorHealthService : Vendor 1 circuit closed — fetch succeeded after 1 consecutive failures
2026-07-31 03:24:37.062 WARN  [main] c.e.a.service.VendorHealthService : Vendor 1 fetch failure 1/3 (1 total) — will retry
2026-07-31 03:24:37.064 WARN  [main] c.e.a.service.VendorHealthService : Vendor 1 fetch failure 1/3 (1 total) — will retry
2026-07-31 03:24:37.064 WARN  [main] c.e.a.service.VendorHealthService : Vendor 1 fetch failure 2/3 (2 total) — will retry
2026-07-31 03:24:37.065 WARN  [main] c.e.a.service.VendorHealthService : Vendor 1 fetch failure 1/3 (1 total) — will retry
2026-07-31 03:24:37.065 WARN  [main] c.e.a.service.VendorHealthService : Vendor 1 fetch failure 2/3 (2 total) — will retry
2026-07-31 03:24:37.065 INFO  [main] c.e.a.service.VendorHealthService : Vendor 1 circuit closed — fetch succeeded after 2 consecutive failures
2026-07-31 03:24:37.066 WARN  [main] c.e.a.service.VendorHealthService : Vendor 1 fetch failure 1/3 (1 total) — will retry
2026-07-31 03:24:37.067 WARN  [main] c.e.a.service.VendorHealthService : Vendor 1 fetch failure 1/3 (1 total) — will retry
2026-07-31 03:24:37.067 WARN  [main] c.e.a.service.VendorHealthService : Vendor 1 fetch failure 2/3 (2 total) — will retry
2026-07-31 03:24:37.067 WARN  [main] c.e.a.service.VendorHealthService : Vendor 1 circuit OPEN — 3 consecutive fetch failures, pausing for 1 min
2026-07-31 03:24:37.067 WARN  [main] c.e.a.service.VendorHealthService : Vendor 2 fetch failure 1/3 (1 total) — will retry
2026-07-31 03:24:37.068 WARN  [main] c.e.a.service.VendorHealthService : Vendor 1 fetch failure 1/3 (1 total) — will retry
2026-07-31 03:24:37.068 WARN  [main] c.e.a.service.VendorHealthService : Vendor 1 fetch failure 2/3 (2 total) — will retry
2026-07-31 03:24:37.068 WARN  [main] c.e.a.service.VendorHealthService : Vendor 1 circuit OPEN — 3 consecutive fetch failures, pausing for 30 min
2026-07-31 03:24:37.070 WARN  [main] c.e.a.service.VendorHealthService : Vendor 1 fetch failure 1/3 (1 total) — will retry
2026-07-31 03:24:37.070 WARN  [main] c.e.a.service.VendorHealthService : Vendor 1 fetch failure 2/3 (2 total) — will retry
2026-07-31 03:24:37.070 WARN  [main] c.e.a.service.VendorHealthService : Vendor 1 circuit OPEN — 3 consecutive fetch failures, pausing for 1 min
2026-07-31 03:24:37.070 INFO  [main] c.e.a.service.VendorHealthService : Vendor 1 circuit closed — fetch succeeded after 3 consecutive failures
2026-07-31 03:24:37.071 WARN  [main] c.e.a.service.VendorHealthService : Vendor 1 fetch failure 1/3 (1 total) — will retry
2026-07-31 03:24:37.071 WARN  [main] c.e.a.service.VendorHealthService : Vendor 1 fetch failure 2/3 (2 total) — will retry
2026-07-31 03:24:37.071 WARN  [main] c.e.a.service.VendorHealthService : Vendor 1 circuit OPEN — 3 consecutive fetch failures, pausing for 1 min
2026-07-31 03:24:37.071 INFO  [main] c.e.a.service.VendorHealthService : Vendor 1 health state reset
2026-07-31 03:24:37.074 WARN  [main] c.e.a.service.VendorHealthService : Vendor 1 fetch failure 1/3 (1 total) — will retry
2026-07-31 03:24:37.075 WARN  [main] c.e.a.service.VendorHealthService : Vendor 1 fetch failure 2/3 (2 total) — will retry
2026-07-31 03:24:37.075 WARN  [main] c.e.a.service.VendorHealthService : Vendor 1 circuit OPEN — 3 consecutive fetch failures, pausing for 1 min
2026-07-31 03:24:37.076 WARN  [main] c.e.a.service.VendorHealthService : Vendor 1 fetch failure 1/3 (1 total) — will retry
2026-07-31 03:24:37.087 INFO  [main] c.e.a.service.DashboardService : Dashboard built: 5 vendors (3 active), 0 active breaking changes across 0 vendors
2026-07-31 03:24:37.093 INFO  [main] c.e.a.service.DashboardService : Dashboard built: 5 vendors (3 active), 1 active breaking changes across 1 vendors
2026-07-31 03:24:37.097 INFO  [main] c.e.a.service.DashboardService : Dashboard built: 5 vendors (3 active), 3 active breaking changes across 2 vendors
2026-07-31 03:24:37.100 INFO  [main] c.e.a.service.DashboardService : Dashboard built: 5 vendors (3 active), 0 active breaking changes across 0 vendors
2026-07-31 03:24:37.103 INFO  [main] c.e.a.service.DashboardService : Dashboard built: 5 vendors (3 active), 0 active breaking changes across 0 vendors
2026-07-31 03:24:37.112 INFO  [main] c.e.a.service.EncryptionService : Encryption service initialized with AES-256-GCM
2026-07-31 03:24:37.113 INFO  [main] c.e.a.service.EncryptionService : Encryption service initialized with AES-256-GCM
2026-07-31 03:24:37.114 INFO  [main] c.e.a.service.EncryptionService : Encryption service initialized with AES-256-GCM
2026-07-31 03:24:37.120 INFO  [main] c.e.a.service.EncryptionService : Encryption service initialized with AES-256-GCM
2026-07-31 03:24:37.122 INFO  [main] c.e.a.service.EncryptionService : Encryption service initialized with AES-256-GCM
2026-07-31 03:24:37.124 INFO  [main] c.e.a.service.EncryptionService : Encryption service initialized with AES-256-GCM
2026-07-31 03:24:37.125 INFO  [main] c.e.a.service.EncryptionService : Encryption service initialized with AES-256-GCM
2026-07-31 03:24:37.126 INFO  [main] c.e.a.service.EncryptionService : Encryption service initialized with AES-256-GCM
2026-07-31 03:24:37.128 ERROR [main] c.e.a.service.EncryptionService : Decryption failed: Illegal base64 character 2d
2026-07-31 03:24:37.132 INFO  [main] c.e.a.service.EncryptionService : Encryption service initialized with AES-256-GCM
2026-07-31 03:24:37.133 INFO  [main] c.e.a.service.EncryptionService : Encryption service initialized with AES-256-GCM
2026-07-31 03:24:37.134 INFO  [main] c.e.a.service.EncryptionService : Encryption service initialized with AES-256-GCM
2026-07-31 03:24:37.135 ERROR [main] c.e.a.service.EncryptionService : Decryption failed: Tag mismatch
2026-07-31 03:24:37.151 DEBUG [main] c.e.a.engine.FingerprintService : Fingerprint 13d64596c0d56951de024b495b7b912546c6d214260bafcefb98c00b8063c77e already active, suppressing duplicate alert
2026-07-31 03:24:37.151 INFO  [main] c.e.a.engine.FingerprintService : Fingerprint abc123 auto-resolved (no longer detected)
2026-07-31 03:24:37.152 INFO  [main] c.e.a.engine.FingerprintService : Dedup complete: 1 total changes, 0 alertable
2026-07-31 03:24:37.154 INFO  [main] c.e.a.engine.FingerprintService : Fingerprint 13d64596c0d56951de024b495b7b912546c6d214260bafcefb98c00b8063c77e RESOLVED → re-activated, alerting
2026-07-31 03:24:37.155 INFO  [main] c.e.a.engine.FingerprintService : Dedup complete: 1 total changes, 1 alertable
2026-07-31 03:24:37.157 INFO  [main] c.e.a.engine.FingerprintService : New fingerprint 13d64596c0d56951de024b495b7b912546c6d214260bafcefb98c00b8063c77e created, alerting
2026-07-31 03:24:37.158 INFO  [main] c.e.a.engine.FingerprintService : Dedup complete: 1 total changes, 1 alertable
2026-07-31 03:24:37.162 INFO  [main] c.e.a.engine.FingerprintService : Dedup complete: 0 total changes, 0 alertable
2026-07-31 03:24:37.167 INFO  [main] c.e.a.engine.FingerprintService : New fingerprint b63b7d124cde498536c7539883efdac759e51660608d64c8cc434b3e8e4a0008 created, alerting
2026-07-31 03:24:37.168 INFO  [main] c.e.a.engine.FingerprintService : Fingerprint old-hash auto-resolved (no longer detected)
2026-07-31 03:24:37.168 INFO  [main] c.e.a.engine.FingerprintService : Dedup complete: 1 total changes, 1 alertable
2026-07-31 03:24:37.206 INFO  [main] c.e.a.e.DirectionalCompatibilityEvaluator : Compatibility evaluation complete: 0 total changes, 0 breaking
2026-07-31 03:24:37.208 INFO  [main] c.e.a.e.DirectionalCompatibilityEvaluator : Compatibility evaluation complete: 1 total changes, 1 breaking
2026-07-31 03:24:37.212 INFO  [main] c.e.a.e.DirectionalCompatibilityEvaluator : Compatibility evaluation complete: 1 total changes, 1 breaking
2026-07-31 03:24:37.214 INFO  [main] c.e.a.e.DirectionalCompatibilityEvaluator : Compatibility evaluation complete: 1 total changes, 0 breaking
2026-07-31 03:24:37.216 INFO  [main] c.e.a.e.DirectionalCompatibilityEvaluator : Compatibility evaluation complete: 4 total changes, 2 breaking
2026-07-31 03:24:37.217 INFO  [main] c.e.a.e.DirectionalCompatibilityEvaluator : Compatibility evaluation complete: 0 total changes, 0 breaking
2026-07-31 03:24:37.219 INFO  [main] c.e.a.e.DirectionalCompatibilityEvaluator : Compatibility evaluation complete: 2 total changes, 1 breaking
2026-07-31 03:24:37.220 INFO  [main] c.e.a.e.DirectionalCompatibilityEvaluator : Compatibility evaluation complete: 1 total changes, 0 breaking
2026-07-31 03:24:37.222 INFO  [main] c.e.a.e.DirectionalCompatibilityEvaluator : Compatibility evaluation complete: 1 total changes, 1 breaking
2026-07-31 03:24:37.324 DEBUG [main] c.e.a.e.telemetry.TelemetryRegistry : Registered: vendor=1, endpoint=/v1/test, field=null → test-svc
2026-07-31 03:24:37.326 DEBUG [main] c.e.a.e.telemetry.TelemetryRegistry : Dependency already exists: vendor=1, endpoint=/v1/charges, service=payment-service — skipping
2026-07-31 03:24:37.329 DEBUG [main] c.e.a.e.telemetry.TelemetryRegistry : Registered: vendor=1, endpoint=/v1/charges, field=/requestBody/properties/amount → payment-service
2026-07-31 03:24:37.334 DEBUG [main] c.e.a.e.telemetry.TelemetryRegistry : Telemetry hit: vendor=1, endpoint=/v1/charges, field=/requestBody/properties/amount → [payment-service, order-service]
2026-07-31 03:24:37.344 INFO  [main] c.e.a.e.t.UsageCorrelationService : Change on /v1/charges//parameters/page consumed by [payment-service] — severity escalated to CRITICAL
2026-07-31 03:24:37.346 INFO  [main] c.e.a.e.t.UsageCorrelationService : Change on /v1/charges//parameters/id consumed by [payment-service] — severity escalated to CRITICAL
2026-07-31 03:24:37.350 INFO  [main] c.e.a.e.t.UsageCorrelationService : Change on /v1/charges//parameters/id consumed by [payment-service, user-service, order-service] — severity escalated to CRITICAL
2026-07-31 03:24:37.353 INFO  [main] c.e.a.e.t.UsageCorrelationService : Change on /v1/charges//parameters/id not consumed — severity downgraded to LOW
2026-07-31 03:24:37.407 DEBUG [main] c.e.a.engine.EgressFetchService : SSRF validation passed for example.com -> 172.66.147.243
2026-07-31 03:25:08.632 INFO  [main] c.e.a.ApiDriftApplicationTests : Starting ApiDriftApplicationTests using Java 21.0.2 with PID 42538 (started by nishant in /Users/nishant/CODE/api-drift-engine)
2026-07-31 03:25:08.633 DEBUG [main] c.e.a.ApiDriftApplicationTests : Running with Spring Boot v3.3.0, Spring v6.1.8
2026-07-31 03:25:08.633 INFO  [main] c.e.a.ApiDriftApplicationTests : The following 1 profile is active: "test"
2026-07-31 03:25:10.755 WARN  [main] org.hibernate.orm.deprecation : HHH90000025: H2Dialect does not need to be specified explicitly using 'hibernate.dialect' (remove the property setting and it will be selected by default)
2026-07-31 03:25:12.672 DEBUG [main] c.e.a.e.telemetry.TelemetryRegistry : Mock data seeding is disabled (telemetry.seed-mock-data=false)
2026-07-31 03:25:12.758 ERROR [main] i.n.r.d.DnsServerAddressStreamProviders : Unable to load io.netty.resolver.dns.macos.MacOSDnsServerAddressStreamProvider, fallback to system defaults. This may result in incorrect DNS resolutions on MacOS. Check whether you have a dependency on 'io.netty:netty-resolver-dns-native-macos'. Use DEBUG level to see the full stack: java.lang.UnsatisfiedLinkError: failed to load the required native library
2026-07-31 03:25:12.889 INFO  [main] c.e.a.service.EncryptionService : Encryption service initialized with AES-256-GCM
2026-07-31 03:25:13.013 WARN  [main] o.s.b.a.o.j.JpaBaseConfiguration$JpaWebConfiguration : spring.jpa.open-in-view is enabled by default. Therefore, database queries may be performed during view rendering. Explicitly configure spring.jpa.open-in-view to disable this warning
2026-07-31 03:25:13.866 INFO  [main] c.e.a.ApiDriftApplicationTests : Started ApiDriftApplicationTests in 5.572 seconds (process running for 6.514)
2026-07-31 03:25:14.633 INFO  [main] c.e.a.c.SpecSnapshotController : GET /api/v1/snapshots/1
2026-07-31 03:25:14.824 INFO  [main] c.e.a.c.SpecSnapshotController : GET /api/v1/snapshots/1/99
2026-07-31 03:25:14.828 INFO  [main] c.e.a.c.SpecSnapshotController : GET /api/v1/snapshots/1/latest
2026-07-31 03:25:14.831 INFO  [main] c.e.a.c.SpecSnapshotController : GET /api/v1/snapshots/1/2
2026-07-31 03:25:14.834 INFO  [main] c.e.a.c.SpecSnapshotController : GET /api/v1/snapshots/99/2
2026-07-31 03:25:14.836 INFO  [main] c.e.a.c.SpecSnapshotController : GET /api/v1/snapshots/1/latest
2026-07-31 03:25:14.838 INFO  [main] c.e.a.c.SpecSnapshotController : GET /api/v1/snapshots/99
2026-07-31 03:25:14.975 INFO  [main] c.e.a.controller.TelemetryController : POST /api/v1/telemetry/register — service=payment-svc, vendor=1, endpoint=POST /api/pay
2026-07-31 03:25:14.976 INFO  [main] c.e.a.controller.TelemetryController : Service dependency registered: id=1, service=payment-svc → vendor=Stripe
2026-07-31 03:25:14.982 INFO  [main] c.e.a.controller.TelemetryController : POST /api/v1/telemetry/register — service=payment-svc, vendor=1, endpoint=POST /api/pay
2026-07-31 03:25:14.983 DEBUG [main] c.e.a.controller.TelemetryController : Dependency already registered: service=payment-svc, vendor=1, endpoint=/api/pay
2026-07-31 03:25:14.987 INFO  [main] c.e.a.controller.TelemetryController : DELETE /api/v1/telemetry/dependencies/1
2026-07-31 03:25:14.987 INFO  [main] c.e.a.controller.TelemetryController : Dependency id=1 deleted
2026-07-31 03:25:15.007 INFO  [main] c.e.a.controller.TelemetryController : GET /api/v1/telemetry/services/1
2026-07-31 03:25:15.012 INFO  [main] c.e.a.controller.TelemetryController : GET /api/v1/telemetry/dependencies — vendorId=null, serviceName=null
2026-07-31 03:25:15.014 INFO  [main] c.e.a.controller.TelemetryController : DELETE /api/v1/telemetry/dependencies/99
2026-07-31 03:25:15.014 WARN  [main] c.e.a.controller.TelemetryController : Dependency id=99 not found for delete
2026-07-31 03:25:15.017 INFO  [main] c.e.a.controller.TelemetryController : GET /api/v1/telemetry/dependencies — vendorId=1, serviceName=null
2026-07-31 03:25:15.020 INFO  [main] c.e.a.controller.TelemetryController : GET /api/v1/telemetry/dependencies — vendorId=1, serviceName=svc
2026-07-31 03:25:15.022 INFO  [main] c.e.a.controller.TelemetryController : GET /api/v1/telemetry/dependencies — vendorId=null, serviceName=payment-svc
2026-07-31 03:25:15.025 INFO  [main] c.e.a.controller.TelemetryController : POST /api/v1/telemetry/register — service=test-svc, vendor=99, endpoint=null null
2026-07-31 03:25:15.025 WARN  [main] c.e.a.controller.TelemetryController : Registration failed: vendor id=99 not found
2026-07-31 03:25:15.227 INFO  [main] c.e.a.controller.DiffController : GET /api/v1/diffs/history/1
2026-07-31 03:25:15.232 INFO  [main] c.e.a.controller.DiffController : GET /api/v1/diffs/history/99
2026-07-31 03:25:15.239 INFO  [main] c.e.a.controller.DiffController : POST /api/v1/diffs/trigger/1 — manual diff triggered
2026-07-31 03:25:15.239 INFO  [main] c.e.a.controller.DiffController : Manual diff triggered for vendor: Stripe
2026-07-31 03:25:15.246 INFO  [main] c.e.a.controller.DiffController : GET /api/v1/diffs/active/99
2026-07-31 03:25:15.248 INFO  [main] c.e.a.controller.DiffController : POST /api/v1/diffs/resolve/99 — manual resolution
2026-07-31 03:25:15.248 WARN  [main] c.e.a.controller.DiffController : Resolution failed: fingerprint id=99 not found
2026-07-31 03:25:15.251 INFO  [main] c.e.a.controller.DiffController : POST /api/v1/diffs/trigger/99 — manual diff triggered
2026-07-31 03:25:15.251 WARN  [main] c.e.a.controller.DiffController : Trigger failed: vendor id=99 not found
2026-07-31 03:25:15.253 INFO  [main] c.e.a.controller.DiffController : POST /api/v1/diffs/resolve/1 — manual resolution
2026-07-31 03:25:15.253 INFO  [main] c.e.a.controller.DiffController : Fingerprint abc resolved by unknown — no notes
2026-07-31 03:25:15.256 INFO  [main] c.e.a.controller.DiffController : GET /api/v1/diffs/active/1
2026-07-31 03:25:15.335 INFO  [main] c.e.a.controller.VendorController : PUT /api/v1/vendors/99 — updating to 'X'
2026-07-31 03:25:15.338 INFO  [main] c.e.a.controller.VendorController : GET /api/v1/vendors/99
2026-07-31 03:25:15.343 INFO  [main] c.e.a.controller.VendorController : POST /api/v1/vendors — creating vendor 'Stripe'
2026-07-31 03:25:15.343 INFO  [main] c.e.a.controller.VendorController : Vendor 'Stripe' created with id=1
2026-07-31 03:25:15.347 INFO  [main] c.e.a.controller.VendorController : POST /api/v1/vendors/1/health/reset
2026-07-31 03:25:15.368 INFO  [main] c.e.a.controller.VendorController : PUT /api/v1/vendors/1 — updating to 'New'
2026-07-31 03:25:15.368 INFO  [main] c.e.a.controller.VendorController : Vendor id=1 updated
2026-07-31 03:25:15.371 INFO  [main] c.e.a.controller.VendorController : GET /api/v1/vendors/99/health
2026-07-31 03:25:15.372 INFO  [main] c.e.a.controller.VendorController : DELETE /api/v1/vendors/1
2026-07-31 03:25:15.373 INFO  [main] c.e.a.controller.VendorController : Vendor id=1 deleted
2026-07-31 03:25:15.374 INFO  [main] c.e.a.controller.VendorController : DELETE /api/v1/vendors/99
2026-07-31 03:25:15.375 WARN  [main] c.e.a.controller.VendorController : Vendor id=99 not found for delete
2026-07-31 03:25:15.376 INFO  [main] c.e.a.controller.VendorController : POST /api/v1/vendors — creating vendor 'Stripe'
2026-07-31 03:25:15.377 WARN  [main] c.e.a.controller.VendorController : Vendor 'Stripe' already exists — conflict
2026-07-31 03:25:15.379 INFO  [main] c.e.a.controller.VendorController : GET /api/v1/vendors/1
2026-07-31 03:25:15.381 INFO  [main] c.e.a.controller.VendorController : GET /api/v1/vendors — listing all vendors
2026-07-31 03:25:15.384 INFO  [main] c.e.a.controller.VendorController : GET /api/v1/vendors/1/health
2026-07-31 03:25:15.398 WARN  [main] c.e.a.service.VendorHealthService : Vendor 1 fetch failure 1/3 (1 total) — will retry
2026-07-31 03:25:15.398 INFO  [main] c.e.a.service.VendorHealthService : Vendor 1 circuit closed — fetch succeeded after 1 consecutive failures
2026-07-31 03:25:15.398 WARN  [main] c.e.a.service.VendorHealthService : Vendor 1 fetch failure 1/3 (1 total) — will retry
2026-07-31 03:25:15.400 WARN  [main] c.e.a.service.VendorHealthService : Vendor 1 fetch failure 1/3 (1 total) — will retry
2026-07-31 03:25:15.401 WARN  [main] c.e.a.service.VendorHealthService : Vendor 1 fetch failure 2/3 (2 total) — will retry
2026-07-31 03:25:15.401 WARN  [main] c.e.a.service.VendorHealthService : Vendor 1 fetch failure 1/3 (1 total) — will retry
2026-07-31 03:25:15.401 WARN  [main] c.e.a.service.VendorHealthService : Vendor 1 fetch failure 2/3 (2 total) — will retry
2026-07-31 03:25:15.402 INFO  [main] c.e.a.service.VendorHealthService : Vendor 1 circuit closed — fetch succeeded after 2 consecutive failures
2026-07-31 03:25:15.402 WARN  [main] c.e.a.service.VendorHealthService : Vendor 1 fetch failure 1/3 (1 total) — will retry
2026-07-31 03:25:15.403 WARN  [main] c.e.a.service.VendorHealthService : Vendor 1 fetch failure 1/3 (1 total) — will retry
2026-07-31 03:25:15.403 WARN  [main] c.e.a.service.VendorHealthService : Vendor 1 fetch failure 2/3 (2 total) — will retry
2026-07-31 03:25:15.403 WARN  [main] c.e.a.service.VendorHealthService : Vendor 1 circuit OPEN — 3 consecutive fetch failures, pausing for 1 min
2026-07-31 03:25:15.404 WARN  [main] c.e.a.service.VendorHealthService : Vendor 2 fetch failure 1/3 (1 total) — will retry
2026-07-31 03:25:15.405 WARN  [main] c.e.a.service.VendorHealthService : Vendor 1 fetch failure 1/3 (1 total) — will retry
2026-07-31 03:25:15.405 WARN  [main] c.e.a.service.VendorHealthService : Vendor 1 fetch failure 2/3 (2 total) — will retry
2026-07-31 03:25:15.405 WARN  [main] c.e.a.service.VendorHealthService : Vendor 1 circuit OPEN — 3 consecutive fetch failures, pausing for 30 min
2026-07-31 03:25:15.407 WARN  [main] c.e.a.service.VendorHealthService : Vendor 1 fetch failure 1/3 (1 total) — will retry
2026-07-31 03:25:15.407 WARN  [main] c.e.a.service.VendorHealthService : Vendor 1 fetch failure 2/3 (2 total) — will retry
2026-07-31 03:25:15.407 WARN  [main] c.e.a.service.VendorHealthService : Vendor 1 circuit OPEN — 3 consecutive fetch failures, pausing for 1 min
2026-07-31 03:25:15.407 INFO  [main] c.e.a.service.VendorHealthService : Vendor 1 circuit closed — fetch succeeded after 3 consecutive failures
2026-07-31 03:25:15.408 WARN  [main] c.e.a.service.VendorHealthService : Vendor 1 fetch failure 1/3 (1 total) — will retry
2026-07-31 03:25:15.408 WARN  [main] c.e.a.service.VendorHealthService : Vendor 1 fetch failure 2/3 (2 total) — will retry
2026-07-31 03:25:15.408 WARN  [main] c.e.a.service.VendorHealthService : Vendor 1 circuit OPEN — 3 consecutive fetch failures, pausing for 1 min
2026-07-31 03:25:15.408 INFO  [main] c.e.a.service.VendorHealthService : Vendor 1 health state reset
2026-07-31 03:25:15.411 WARN  [main] c.e.a.service.VendorHealthService : Vendor 1 fetch failure 1/3 (1 total) — will retry
2026-07-31 03:25:15.411 WARN  [main] c.e.a.service.VendorHealthService : Vendor 1 fetch failure 2/3 (2 total) — will retry
2026-07-31 03:25:15.412 WARN  [main] c.e.a.service.VendorHealthService : Vendor 1 circuit OPEN — 3 consecutive fetch failures, pausing for 1 min
2026-07-31 03:25:15.412 WARN  [main] c.e.a.service.VendorHealthService : Vendor 1 fetch failure 1/3 (1 total) — will retry
2026-07-31 03:25:15.418 INFO  [main] c.e.a.service.DashboardService : Dashboard built: 5 vendors (3 active), 0 active breaking changes across 0 vendors
2026-07-31 03:25:15.433 INFO  [main] c.e.a.service.DashboardService : Dashboard built: 5 vendors (3 active), 1 active breaking changes across 1 vendors
2026-07-31 03:25:15.437 INFO  [main] c.e.a.service.DashboardService : Dashboard built: 5 vendors (3 active), 3 active breaking changes across 2 vendors
2026-07-31 03:25:15.441 INFO  [main] c.e.a.service.DashboardService : Dashboard built: 5 vendors (3 active), 0 active breaking changes across 0 vendors
2026-07-31 03:25:15.443 INFO  [main] c.e.a.service.DashboardService : Dashboard built: 5 vendors (3 active), 0 active breaking changes across 0 vendors
2026-07-31 03:25:15.448 INFO  [main] c.e.a.service.EncryptionService : Encryption service initialized with AES-256-GCM
2026-07-31 03:25:15.449 INFO  [main] c.e.a.service.EncryptionService : Encryption service initialized with AES-256-GCM
2026-07-31 03:25:15.449 INFO  [main] c.e.a.service.EncryptionService : Encryption service initialized with AES-256-GCM
2026-07-31 03:25:15.455 INFO  [main] c.e.a.service.EncryptionService : Encryption service initialized with AES-256-GCM
2026-07-31 03:25:15.456 INFO  [main] c.e.a.service.EncryptionService : Encryption service initialized with AES-256-GCM
2026-07-31 03:25:15.459 INFO  [main] c.e.a.service.EncryptionService : Encryption service initialized with AES-256-GCM
2026-07-31 03:25:15.460 INFO  [main] c.e.a.service.EncryptionService : Encryption service initialized with AES-256-GCM
2026-07-31 03:25:15.461 INFO  [main] c.e.a.service.EncryptionService : Encryption service initialized with AES-256-GCM
2026-07-31 03:25:15.461 ERROR [main] c.e.a.service.EncryptionService : Decryption failed: Illegal base64 character 2d
2026-07-31 03:25:15.465 INFO  [main] c.e.a.service.EncryptionService : Encryption service initialized with AES-256-GCM
2026-07-31 03:25:15.466 INFO  [main] c.e.a.service.EncryptionService : Encryption service initialized with AES-256-GCM
2026-07-31 03:25:15.467 INFO  [main] c.e.a.service.EncryptionService : Encryption service initialized with AES-256-GCM
2026-07-31 03:25:15.468 ERROR [main] c.e.a.service.EncryptionService : Decryption failed: Tag mismatch
2026-07-31 03:25:15.478 DEBUG [main] c.e.a.engine.FingerprintService : Fingerprint 13d64596c0d56951de024b495b7b912546c6d214260bafcefb98c00b8063c77e already active, suppressing duplicate alert
2026-07-31 03:25:15.479 INFO  [main] c.e.a.engine.FingerprintService : Fingerprint abc123 auto-resolved (no longer detected)
2026-07-31 03:25:15.479 INFO  [main] c.e.a.engine.FingerprintService : Dedup complete: 1 total changes, 0 alertable
2026-07-31 03:25:15.481 INFO  [main] c.e.a.engine.FingerprintService : Fingerprint 13d64596c0d56951de024b495b7b912546c6d214260bafcefb98c00b8063c77e RESOLVED → re-activated, alerting
2026-07-31 03:25:15.481 INFO  [main] c.e.a.engine.FingerprintService : Dedup complete: 1 total changes, 1 alertable
2026-07-31 03:25:15.483 INFO  [main] c.e.a.engine.FingerprintService : New fingerprint 13d64596c0d56951de024b495b7b912546c6d214260bafcefb98c00b8063c77e created, alerting
2026-07-31 03:25:15.483 INFO  [main] c.e.a.engine.FingerprintService : Dedup complete: 1 total changes, 1 alertable
2026-07-31 03:25:15.487 INFO  [main] c.e.a.engine.FingerprintService : Dedup complete: 0 total changes, 0 alertable
2026-07-31 03:25:15.493 INFO  [main] c.e.a.engine.FingerprintService : New fingerprint b63b7d124cde498536c7539883efdac759e51660608d64c8cc434b3e8e4a0008 created, alerting
2026-07-31 03:25:15.493 INFO  [main] c.e.a.engine.FingerprintService : Fingerprint old-hash auto-resolved (no longer detected)
2026-07-31 03:25:15.493 INFO  [main] c.e.a.engine.FingerprintService : Dedup complete: 1 total changes, 1 alertable
2026-07-31 03:25:15.522 INFO  [main] c.e.a.e.DirectionalCompatibilityEvaluator : Compatibility evaluation complete: 0 total changes, 0 breaking
2026-07-31 03:25:15.524 INFO  [main] c.e.a.e.DirectionalCompatibilityEvaluator : Compatibility evaluation complete: 1 total changes, 1 breaking
2026-07-31 03:25:15.529 INFO  [main] c.e.a.e.DirectionalCompatibilityEvaluator : Compatibility evaluation complete: 1 total changes, 1 breaking
2026-07-31 03:25:15.530 INFO  [main] c.e.a.e.DirectionalCompatibilityEvaluator : Compatibility evaluation complete: 1 total changes, 0 breaking
2026-07-31 03:25:15.532 INFO  [main] c.e.a.e.DirectionalCompatibilityEvaluator : Compatibility evaluation complete: 4 total changes, 2 breaking
2026-07-31 03:25:15.533 INFO  [main] c.e.a.e.DirectionalCompatibilityEvaluator : Compatibility evaluation complete: 0 total changes, 0 breaking
2026-07-31 03:25:15.534 INFO  [main] c.e.a.e.DirectionalCompatibilityEvaluator : Compatibility evaluation complete: 2 total changes, 1 breaking
2026-07-31 03:25:15.535 INFO  [main] c.e.a.e.DirectionalCompatibilityEvaluator : Compatibility evaluation complete: 1 total changes, 0 breaking
2026-07-31 03:25:15.537 INFO  [main] c.e.a.e.DirectionalCompatibilityEvaluator : Compatibility evaluation complete: 1 total changes, 1 breaking
2026-07-31 03:25:15.594 DEBUG [main] c.e.a.e.telemetry.TelemetryRegistry : Registered: vendor=1, endpoint=/v1/test, field=null → test-svc
2026-07-31 03:25:15.596 DEBUG [main] c.e.a.e.telemetry.TelemetryRegistry : Dependency already exists: vendor=1, endpoint=/v1/charges, service=payment-service — skipping
2026-07-31 03:25:15.599 DEBUG [main] c.e.a.e.telemetry.TelemetryRegistry : Registered: vendor=1, endpoint=/v1/charges, field=/requestBody/properties/amount → payment-service
2026-07-31 03:25:15.603 DEBUG [main] c.e.a.e.telemetry.TelemetryRegistry : Telemetry hit: vendor=1, endpoint=/v1/charges, field=/requestBody/properties/amount → [payment-service, order-service]
2026-07-31 03:25:15.608 INFO  [main] c.e.a.e.t.UsageCorrelationService : Change on /v1/charges//parameters/page consumed by [payment-service] — severity escalated to CRITICAL
2026-07-31 03:25:15.610 INFO  [main] c.e.a.e.t.UsageCorrelationService : Change on /v1/charges//parameters/id consumed by [payment-service] — severity escalated to CRITICAL
2026-07-31 03:25:15.616 INFO  [main] c.e.a.e.t.UsageCorrelationService : Change on /v1/charges//parameters/id consumed by [payment-service, user-service, order-service] — severity escalated to CRITICAL
2026-07-31 03:25:15.618 INFO  [main] c.e.a.e.t.UsageCorrelationService : Change on /v1/charges//parameters/id not consumed — severity downgraded to LOW
2026-07-31 03:25:15.627 DEBUG [main] c.e.a.engine.EgressFetchService : SSRF validation passed for example.com -> 172.66.147.243
2026-07-31 03:26:04.813 INFO  [main] c.e.a.ApiDriftApplicationTests : Starting ApiDriftApplicationTests using Java 21.0.2 with PID 42714 (started by nishant in /Users/nishant/CODE/api-drift-engine)
2026-07-31 03:26:04.814 DEBUG [main] c.e.a.ApiDriftApplicationTests : Running with Spring Boot v3.3.0, Spring v6.1.8
2026-07-31 03:26:04.814 INFO  [main] c.e.a.ApiDriftApplicationTests : The following 1 profile is active: "test"
2026-07-31 03:26:06.827 WARN  [main] org.hibernate.orm.deprecation : HHH90000025: H2Dialect does not need to be specified explicitly using 'hibernate.dialect' (remove the property setting and it will be selected by default)
2026-07-31 03:26:08.786 DEBUG [main] c.e.a.e.telemetry.TelemetryRegistry : Mock data seeding is disabled (telemetry.seed-mock-data=false)
2026-07-31 03:26:08.878 ERROR [main] i.n.r.d.DnsServerAddressStreamProviders : Unable to load io.netty.resolver.dns.macos.MacOSDnsServerAddressStreamProvider, fallback to system defaults. This may result in incorrect DNS resolutions on MacOS. Check whether you have a dependency on 'io.netty:netty-resolver-dns-native-macos'. Use DEBUG level to see the full stack: java.lang.UnsatisfiedLinkError: failed to load the required native library
2026-07-31 03:26:09.011 INFO  [main] c.e.a.service.EncryptionService : Encryption service initialized with AES-256-GCM
2026-07-31 03:26:09.144 WARN  [main] o.s.b.a.o.j.JpaBaseConfiguration$JpaWebConfiguration : spring.jpa.open-in-view is enabled by default. Therefore, database queries may be performed during view rendering. Explicitly configure spring.jpa.open-in-view to disable this warning
2026-07-31 03:26:09.985 INFO  [main] c.e.a.ApiDriftApplicationTests : Started ApiDriftApplicationTests in 5.498 seconds (process running for 6.381)
2026-07-31 03:26:10.992 INFO  [main] c.e.a.c.SpecSnapshotController : GET /api/v1/snapshots/1/diff — old=1, new=2
2026-07-31 03:26:11.204 INFO  [main] c.e.a.c.SpecSnapshotController : GET /api/v1/snapshots/1/diff — old=1, new=2
2026-07-31 03:26:11.218 INFO  [main] c.e.a.c.SpecSnapshotController : GET /api/v1/snapshots/1/diff — old=99, new=2
2026-07-31 03:26:11.316 INFO  [main] c.e.a.c.ChangeFeedController : GET /api/v1/changes/stats
2026-07-31 03:26:11.344 INFO  [main] c.e.a.c.SpecSnapshotController : GET /api/v1/snapshots/1
2026-07-31 03:26:11.362 INFO  [main] c.e.a.c.SpecSnapshotController : GET /api/v1/snapshots/1/99
2026-07-31 03:26:11.365 INFO  [main] c.e.a.c.SpecSnapshotController : GET /api/v1/snapshots/1/latest
2026-07-31 03:26:11.368 INFO  [main] c.e.a.c.SpecSnapshotController : GET /api/v1/snapshots/1/2
2026-07-31 03:26:11.370 INFO  [main] c.e.a.c.SpecSnapshotController : GET /api/v1/snapshots/99/2
2026-07-31 03:26:11.372 INFO  [main] c.e.a.c.SpecSnapshotController : GET /api/v1/snapshots/1/latest
2026-07-31 03:26:11.375 INFO  [main] c.e.a.c.SpecSnapshotController : GET /api/v1/snapshots/99
2026-07-31 03:26:11.515 INFO  [main] c.e.a.controller.TelemetryController : POST /api/v1/telemetry/register — service=payment-svc, vendor=1, endpoint=POST /api/pay
2026-07-31 03:26:11.516 INFO  [main] c.e.a.controller.TelemetryController : Service dependency registered: id=1, service=payment-svc → vendor=Stripe
2026-07-31 03:26:11.519 INFO  [main] c.e.a.controller.TelemetryController : POST /api/v1/telemetry/register — service=payment-svc, vendor=1, endpoint=POST /api/pay
2026-07-31 03:26:11.520 DEBUG [main] c.e.a.controller.TelemetryController : Dependency already registered: service=payment-svc, vendor=1, endpoint=/api/pay
2026-07-31 03:26:11.522 INFO  [main] c.e.a.controller.TelemetryController : DELETE /api/v1/telemetry/dependencies/1
2026-07-31 03:26:11.523 INFO  [main] c.e.a.controller.TelemetryController : Dependency id=1 deleted
2026-07-31 03:26:11.532 INFO  [main] c.e.a.controller.TelemetryController : GET /api/v1/telemetry/services/1
2026-07-31 03:26:11.536 INFO  [main] c.e.a.controller.TelemetryController : GET /api/v1/telemetry/dependencies — vendorId=null, serviceName=null
2026-07-31 03:26:11.538 INFO  [main] c.e.a.controller.TelemetryController : DELETE /api/v1/telemetry/dependencies/99
2026-07-31 03:26:11.538 WARN  [main] c.e.a.controller.TelemetryController : Dependency id=99 not found for delete
2026-07-31 03:26:11.541 INFO  [main] c.e.a.controller.TelemetryController : GET /api/v1/telemetry/dependencies — vendorId=1, serviceName=null
2026-07-31 03:26:11.542 INFO  [main] c.e.a.controller.TelemetryController : GET /api/v1/telemetry/dependencies — vendorId=1, serviceName=svc
2026-07-31 03:26:11.544 INFO  [main] c.e.a.controller.TelemetryController : GET /api/v1/telemetry/dependencies — vendorId=null, serviceName=payment-svc
2026-07-31 03:26:11.546 INFO  [main] c.e.a.controller.TelemetryController : POST /api/v1/telemetry/register — service=test-svc, vendor=99, endpoint=null null
2026-07-31 03:26:11.547 WARN  [main] c.e.a.controller.TelemetryController : Registration failed: vendor id=99 not found
2026-07-31 03:26:11.654 INFO  [main] c.e.a.controller.DiffController : GET /api/v1/diffs/history/1
2026-07-31 03:26:11.658 INFO  [main] c.e.a.controller.DiffController : GET /api/v1/diffs/history/99
2026-07-31 03:26:11.662 INFO  [main] c.e.a.controller.DiffController : POST /api/v1/diffs/trigger/1 — manual diff triggered
2026-07-31 03:26:11.662 INFO  [main] c.e.a.controller.DiffController : Manual diff triggered for vendor: Stripe
2026-07-31 03:26:11.667 INFO  [main] c.e.a.controller.DiffController : GET /api/v1/diffs/active/99
2026-07-31 03:26:11.669 INFO  [main] c.e.a.controller.DiffController : POST /api/v1/diffs/resolve/99 — manual resolution
2026-07-31 03:26:11.669 WARN  [main] c.e.a.controller.DiffController : Resolution failed: fingerprint id=99 not found
2026-07-31 03:26:11.671 INFO  [main] c.e.a.controller.DiffController : POST /api/v1/diffs/trigger/99 — manual diff triggered
2026-07-31 03:26:11.672 WARN  [main] c.e.a.controller.DiffController : Trigger failed: vendor id=99 not found
2026-07-31 03:26:11.674 INFO  [main] c.e.a.controller.DiffController : POST /api/v1/diffs/resolve/1 — manual resolution
2026-07-31 03:26:11.674 INFO  [main] c.e.a.controller.DiffController : Fingerprint abc resolved by unknown — no notes
2026-07-31 03:26:11.676 INFO  [main] c.e.a.controller.DiffController : GET /api/v1/diffs/active/1
2026-07-31 03:26:11.760 INFO  [main] c.e.a.controller.VendorController : PUT /api/v1/vendors/99 — updating to 'X'
2026-07-31 03:26:11.763 INFO  [main] c.e.a.controller.VendorController : GET /api/v1/vendors/99
2026-07-31 03:26:11.767 INFO  [main] c.e.a.controller.VendorController : GET /api/v1/vendors — filtered by tag 'payments'
2026-07-31 03:26:11.771 INFO  [main] c.e.a.controller.VendorController : POST /api/v1/vendors — creating vendor 'Stripe'
2026-07-31 03:26:11.772 INFO  [main] c.e.a.controller.VendorController : Vendor 'Stripe' created with id=1
2026-07-31 03:26:11.774 INFO  [main] c.e.a.controller.VendorController : POST /api/v1/vendors/1/health/reset
2026-07-31 03:26:11.777 INFO  [main] c.e.a.controller.VendorController : PUT /api/v1/vendors/1 — updating to 'New'
2026-07-31 03:26:11.777 INFO  [main] c.e.a.controller.VendorController : Vendor id=1 updated
2026-07-31 03:26:11.779 INFO  [main] c.e.a.controller.VendorController : GET /api/v1/vendors/99/health
2026-07-31 03:26:11.781 INFO  [main] c.e.a.controller.VendorController : DELETE /api/v1/vendors/1
2026-07-31 03:26:11.781 INFO  [main] c.e.a.controller.VendorController : Vendor id=1 deleted
2026-07-31 03:26:11.782 INFO  [main] c.e.a.controller.VendorController : DELETE /api/v1/vendors/99
2026-07-31 03:26:11.783 WARN  [main] c.e.a.controller.VendorController : Vendor id=99 not found for delete
2026-07-31 03:26:11.784 INFO  [main] c.e.a.controller.VendorController : POST /api/v1/vendors — creating vendor 'Stripe'
2026-07-31 03:26:11.785 WARN  [main] c.e.a.controller.VendorController : Vendor 'Stripe' already exists — conflict
2026-07-31 03:26:11.786 INFO  [main] c.e.a.controller.VendorController : GET /api/v1/vendors/1
2026-07-31 03:26:11.788 INFO  [main] c.e.a.controller.VendorController : GET /api/v1/vendors — listing all vendors
2026-07-31 03:26:11.791 INFO  [main] c.e.a.controller.VendorController : GET /api/v1/vendors/1/health
2026-07-31 03:26:11.807 WARN  [main] c.e.a.service.VendorHealthService : Vendor 1 fetch failure 1/3 (1 total) — will retry
2026-07-31 03:26:11.807 INFO  [main] c.e.a.service.VendorHealthService : Vendor 1 circuit closed — fetch succeeded after 1 consecutive failures
2026-07-31 03:26:11.807 WARN  [main] c.e.a.service.VendorHealthService : Vendor 1 fetch failure 1/3 (1 total) — will retry
2026-07-31 03:26:11.809 WARN  [main] c.e.a.service.VendorHealthService : Vendor 1 fetch failure 1/3 (1 total) — will retry
2026-07-31 03:26:11.809 WARN  [main] c.e.a.service.VendorHealthService : Vendor 1 fetch failure 2/3 (2 total) — will retry
2026-07-31 03:26:11.810 WARN  [main] c.e.a.service.VendorHealthService : Vendor 1 fetch failure 1/3 (1 total) — will retry
2026-07-31 03:26:11.810 WARN  [main] c.e.a.service.VendorHealthService : Vendor 1 fetch failure 2/3 (2 total) — will retry
2026-07-31 03:26:11.810 INFO  [main] c.e.a.service.VendorHealthService : Vendor 1 circuit closed — fetch succeeded after 2 consecutive failures
2026-07-31 03:26:11.811 WARN  [main] c.e.a.service.VendorHealthService : Vendor 1 fetch failure 1/3 (1 total) — will retry
2026-07-31 03:26:11.812 WARN  [main] c.e.a.service.VendorHealthService : Vendor 1 fetch failure 1/3 (1 total) — will retry
2026-07-31 03:26:11.812 WARN  [main] c.e.a.service.VendorHealthService : Vendor 1 fetch failure 2/3 (2 total) — will retry
2026-07-31 03:26:11.812 WARN  [main] c.e.a.service.VendorHealthService : Vendor 1 circuit OPEN — 3 consecutive fetch failures, pausing for 1 min
2026-07-31 03:26:11.812 WARN  [main] c.e.a.service.VendorHealthService : Vendor 2 fetch failure 1/3 (1 total) — will retry
2026-07-31 03:26:11.813 WARN  [main] c.e.a.service.VendorHealthService : Vendor 1 fetch failure 1/3 (1 total) — will retry
2026-07-31 03:26:11.813 WARN  [main] c.e.a.service.VendorHealthService : Vendor 1 fetch failure 2/3 (2 total) — will retry
2026-07-31 03:26:11.813 WARN  [main] c.e.a.service.VendorHealthService : Vendor 1 circuit OPEN — 3 consecutive fetch failures, pausing for 30 min
2026-07-31 03:26:11.815 WARN  [main] c.e.a.service.VendorHealthService : Vendor 1 fetch failure 1/3 (1 total) — will retry
2026-07-31 03:26:11.816 WARN  [main] c.e.a.service.VendorHealthService : Vendor 1 fetch failure 2/3 (2 total) — will retry
2026-07-31 03:26:11.816 WARN  [main] c.e.a.service.VendorHealthService : Vendor 1 circuit OPEN — 3 consecutive fetch failures, pausing for 1 min
2026-07-31 03:26:11.817 INFO  [main] c.e.a.service.VendorHealthService : Vendor 1 circuit closed — fetch succeeded after 3 consecutive failures
2026-07-31 03:26:11.818 WARN  [main] c.e.a.service.VendorHealthService : Vendor 1 fetch failure 1/3 (1 total) — will retry
2026-07-31 03:26:11.818 WARN  [main] c.e.a.service.VendorHealthService : Vendor 1 fetch failure 2/3 (2 total) — will retry
2026-07-31 03:26:11.818 WARN  [main] c.e.a.service.VendorHealthService : Vendor 1 circuit OPEN — 3 consecutive fetch failures, pausing for 1 min
2026-07-31 03:26:11.818 INFO  [main] c.e.a.service.VendorHealthService : Vendor 1 health state reset
2026-07-31 03:26:11.820 WARN  [main] c.e.a.service.VendorHealthService : Vendor 1 fetch failure 1/3 (1 total) — will retry
2026-07-31 03:26:11.821 WARN  [main] c.e.a.service.VendorHealthService : Vendor 1 fetch failure 2/3 (2 total) — will retry
2026-07-31 03:26:11.821 WARN  [main] c.e.a.service.VendorHealthService : Vendor 1 circuit OPEN — 3 consecutive fetch failures, pausing for 1 min
2026-07-31 03:26:11.822 WARN  [main] c.e.a.service.VendorHealthService : Vendor 1 fetch failure 1/3 (1 total) — will retry
2026-07-31 03:26:11.832 INFO  [main] c.e.a.service.DashboardService : Dashboard built: 5 vendors (3 active), 0 active breaking changes across 0 vendors
2026-07-31 03:26:11.838 INFO  [main] c.e.a.service.DashboardService : Dashboard built: 5 vendors (3 active), 1 active breaking changes across 1 vendors
2026-07-31 03:26:11.842 INFO  [main] c.e.a.service.DashboardService : Dashboard built: 5 vendors (3 active), 3 active breaking changes across 2 vendors
2026-07-31 03:26:11.845 INFO  [main] c.e.a.service.DashboardService : Dashboard built: 5 vendors (3 active), 0 active breaking changes across 0 vendors
2026-07-31 03:26:11.848 INFO  [main] c.e.a.service.DashboardService : Dashboard built: 5 vendors (3 active), 0 active breaking changes across 0 vendors
2026-07-31 03:26:11.856 INFO  [main] c.e.a.service.EncryptionService : Encryption service initialized with AES-256-GCM
2026-07-31 03:26:11.857 INFO  [main] c.e.a.service.EncryptionService : Encryption service initialized with AES-256-GCM
2026-07-31 03:26:11.857 INFO  [main] c.e.a.service.EncryptionService : Encryption service initialized with AES-256-GCM
2026-07-31 03:26:11.862 INFO  [main] c.e.a.service.EncryptionService : Encryption service initialized with AES-256-GCM
2026-07-31 03:26:11.863 INFO  [main] c.e.a.service.EncryptionService : Encryption service initialized with AES-256-GCM
2026-07-31 03:26:11.865 INFO  [main] c.e.a.service.EncryptionService : Encryption service initialized with AES-256-GCM
2026-07-31 03:26:11.866 INFO  [main] c.e.a.service.EncryptionService : Encryption service initialized with AES-256-GCM
2026-07-31 03:26:11.867 INFO  [main] c.e.a.service.EncryptionService : Encryption service initialized with AES-256-GCM
2026-07-31 03:26:11.868 ERROR [main] c.e.a.service.EncryptionService : Decryption failed: Illegal base64 character 2d
2026-07-31 03:26:11.871 INFO  [main] c.e.a.service.EncryptionService : Encryption service initialized with AES-256-GCM
2026-07-31 03:26:11.872 INFO  [main] c.e.a.service.EncryptionService : Encryption service initialized with AES-256-GCM
2026-07-31 03:26:11.873 INFO  [main] c.e.a.service.EncryptionService : Encryption service initialized with AES-256-GCM
2026-07-31 03:26:11.874 ERROR [main] c.e.a.service.EncryptionService : Decryption failed: Tag mismatch
2026-07-31 03:26:11.889 DEBUG [main] c.e.a.engine.FingerprintService : Fingerprint 13d64596c0d56951de024b495b7b912546c6d214260bafcefb98c00b8063c77e already active, suppressing duplicate alert
2026-07-31 03:26:11.890 INFO  [main] c.e.a.engine.FingerprintService : Fingerprint abc123 auto-resolved (no longer detected)
2026-07-31 03:26:11.890 INFO  [main] c.e.a.engine.FingerprintService : Dedup complete: 1 total changes, 0 alertable
2026-07-31 03:26:11.893 INFO  [main] c.e.a.engine.FingerprintService : Fingerprint 13d64596c0d56951de024b495b7b912546c6d214260bafcefb98c00b8063c77e RESOLVED → re-activated, alerting
2026-07-31 03:26:11.893 INFO  [main] c.e.a.engine.FingerprintService : Dedup complete: 1 total changes, 1 alertable
2026-07-31 03:26:11.896 INFO  [main] c.e.a.engine.FingerprintService : New fingerprint 13d64596c0d56951de024b495b7b912546c6d214260bafcefb98c00b8063c77e created, alerting
2026-07-31 03:26:11.896 INFO  [main] c.e.a.engine.FingerprintService : Dedup complete: 1 total changes, 1 alertable
2026-07-31 03:26:11.902 INFO  [main] c.e.a.engine.FingerprintService : Dedup complete: 0 total changes, 0 alertable
2026-07-31 03:26:11.906 INFO  [main] c.e.a.engine.FingerprintService : New fingerprint b63b7d124cde498536c7539883efdac759e51660608d64c8cc434b3e8e4a0008 created, alerting
2026-07-31 03:26:11.906 INFO  [main] c.e.a.engine.FingerprintService : Fingerprint old-hash auto-resolved (no longer detected)
2026-07-31 03:26:11.906 INFO  [main] c.e.a.engine.FingerprintService : Dedup complete: 1 total changes, 1 alertable
2026-07-31 03:26:11.916 INFO  [main] c.e.a.e.DirectionalCompatibilityEvaluator : Compatibility evaluation complete: 0 total changes, 0 breaking
2026-07-31 03:26:11.918 INFO  [main] c.e.a.e.DirectionalCompatibilityEvaluator : Compatibility evaluation complete: 1 total changes, 1 breaking
2026-07-31 03:26:11.922 INFO  [main] c.e.a.e.DirectionalCompatibilityEvaluator : Compatibility evaluation complete: 1 total changes, 1 breaking
2026-07-31 03:26:11.923 INFO  [main] c.e.a.e.DirectionalCompatibilityEvaluator : Compatibility evaluation complete: 1 total changes, 0 breaking
2026-07-31 03:26:11.925 INFO  [main] c.e.a.e.DirectionalCompatibilityEvaluator : Compatibility evaluation complete: 4 total changes, 2 breaking
2026-07-31 03:26:11.929 INFO  [main] c.e.a.e.DirectionalCompatibilityEvaluator : Compatibility evaluation complete: 0 total changes, 0 breaking
2026-07-31 03:26:11.930 INFO  [main] c.e.a.e.DirectionalCompatibilityEvaluator : Compatibility evaluation complete: 2 total changes, 1 breaking
2026-07-31 03:26:11.932 INFO  [main] c.e.a.e.DirectionalCompatibilityEvaluator : Compatibility evaluation complete: 1 total changes, 0 breaking
2026-07-31 03:26:11.934 INFO  [main] c.e.a.e.DirectionalCompatibilityEvaluator : Compatibility evaluation complete: 1 total changes, 1 breaking
2026-07-31 03:26:12.002 DEBUG [main] c.e.a.e.telemetry.TelemetryRegistry : Registered: vendor=1, endpoint=/v1/test, field=null → test-svc
2026-07-31 03:26:12.005 DEBUG [main] c.e.a.e.telemetry.TelemetryRegistry : Dependency already exists: vendor=1, endpoint=/v1/charges, service=payment-service — skipping
2026-07-31 03:26:12.007 DEBUG [main] c.e.a.e.telemetry.TelemetryRegistry : Registered: vendor=1, endpoint=/v1/charges, field=/requestBody/properties/amount → payment-service
2026-07-31 03:26:12.010 DEBUG [main] c.e.a.e.telemetry.TelemetryRegistry : Telemetry hit: vendor=1, endpoint=/v1/charges, field=/requestBody/properties/amount → [payment-service, order-service]
2026-07-31 03:26:12.018 INFO  [main] c.e.a.e.t.UsageCorrelationService : Change on /v1/charges//parameters/page consumed by [payment-service] — severity escalated to CRITICAL
2026-07-31 03:26:12.020 INFO  [main] c.e.a.e.t.UsageCorrelationService : Change on /v1/charges//parameters/id consumed by [payment-service] — severity escalated to CRITICAL
2026-07-31 03:26:12.025 INFO  [main] c.e.a.e.t.UsageCorrelationService : Change on /v1/charges//parameters/id consumed by [order-service, payment-service, user-service] — severity escalated to CRITICAL
2026-07-31 03:26:12.026 INFO  [main] c.e.a.e.t.UsageCorrelationService : Change on /v1/charges//parameters/id not consumed — severity downgraded to LOW
2026-07-31 03:26:12.037 DEBUG [main] c.e.a.engine.EgressFetchService : SSRF validation passed for example.com -> 172.66.147.243
2026-07-31 03:26:27.790 INFO  [main] c.e.a.ApiDriftApplicationTests : Starting ApiDriftApplicationTests using Java 21.0.2 with PID 42894 (started by nishant in /Users/nishant/CODE/api-drift-engine)
2026-07-31 03:26:27.791 DEBUG [main] c.e.a.ApiDriftApplicationTests : Running with Spring Boot v3.3.0, Spring v6.1.8
2026-07-31 03:26:27.791 INFO  [main] c.e.a.ApiDriftApplicationTests : The following 1 profile is active: "test"
2026-07-31 03:26:29.755 WARN  [main] org.hibernate.orm.deprecation : HHH90000025: H2Dialect does not need to be specified explicitly using 'hibernate.dialect' (remove the property setting and it will be selected by default)
2026-07-31 03:26:31.750 DEBUG [main] c.e.a.e.telemetry.TelemetryRegistry : Mock data seeding is disabled (telemetry.seed-mock-data=false)
2026-07-31 03:26:31.838 ERROR [main] i.n.r.d.DnsServerAddressStreamProviders : Unable to load io.netty.resolver.dns.macos.MacOSDnsServerAddressStreamProvider, fallback to system defaults. This may result in incorrect DNS resolutions on MacOS. Check whether you have a dependency on 'io.netty:netty-resolver-dns-native-macos'. Use DEBUG level to see the full stack: java.lang.UnsatisfiedLinkError: failed to load the required native library
2026-07-31 03:26:31.971 INFO  [main] c.e.a.service.EncryptionService : Encryption service initialized with AES-256-GCM
2026-07-31 03:26:32.084 WARN  [main] o.s.b.a.o.j.JpaBaseConfiguration$JpaWebConfiguration : spring.jpa.open-in-view is enabled by default. Therefore, database queries may be performed during view rendering. Explicitly configure spring.jpa.open-in-view to disable this warning
2026-07-31 03:26:32.920 INFO  [main] c.e.a.ApiDriftApplicationTests : Started ApiDriftApplicationTests in 5.465 seconds (process running for 6.366)
2026-07-31 03:26:33.734 INFO  [main] c.e.a.c.SpecSnapshotController : GET /api/v1/snapshots/1/diff — old=1, new=2
2026-07-31 03:26:33.874 INFO  [main] c.e.a.c.SpecSnapshotController : GET /api/v1/snapshots/1/diff — old=1, new=2
2026-07-31 03:26:33.889 INFO  [main] c.e.a.c.SpecSnapshotController : GET /api/v1/snapshots/1/diff — old=99, new=2
2026-07-31 03:26:33.972 INFO  [main] c.e.a.c.ChangeFeedController : GET /api/v1/changes/stats
2026-07-31 03:26:33.991 INFO  [main] c.e.a.c.SpecSnapshotController : GET /api/v1/snapshots/1
2026-07-31 03:26:34.003 INFO  [main] c.e.a.c.SpecSnapshotController : GET /api/v1/snapshots/1/99
2026-07-31 03:26:34.006 INFO  [main] c.e.a.c.SpecSnapshotController : GET /api/v1/snapshots/1/latest
2026-07-31 03:26:34.009 INFO  [main] c.e.a.c.SpecSnapshotController : GET /api/v1/snapshots/1/2
2026-07-31 03:26:34.012 INFO  [main] c.e.a.c.SpecSnapshotController : GET /api/v1/snapshots/99/2
2026-07-31 03:26:34.014 INFO  [main] c.e.a.c.SpecSnapshotController : GET /api/v1/snapshots/1/latest
2026-07-31 03:26:34.017 INFO  [main] c.e.a.c.SpecSnapshotController : GET /api/v1/snapshots/99
2026-07-31 03:26:34.126 INFO  [main] c.e.a.controller.TelemetryController : POST /api/v1/telemetry/register — service=payment-svc, vendor=1, endpoint=POST /api/pay
2026-07-31 03:26:34.127 INFO  [main] c.e.a.controller.TelemetryController : Service dependency registered: id=1, service=payment-svc → vendor=Stripe
2026-07-31 03:26:34.130 INFO  [main] c.e.a.controller.TelemetryController : POST /api/v1/telemetry/register — service=payment-svc, vendor=1, endpoint=POST /api/pay
2026-07-31 03:26:34.130 DEBUG [main] c.e.a.controller.TelemetryController : Dependency already registered: service=payment-svc, vendor=1, endpoint=/api/pay
2026-07-31 03:26:34.133 INFO  [main] c.e.a.controller.TelemetryController : DELETE /api/v1/telemetry/dependencies/1
2026-07-31 03:26:34.133 INFO  [main] c.e.a.controller.TelemetryController : Dependency id=1 deleted
2026-07-31 03:26:34.141 INFO  [main] c.e.a.controller.TelemetryController : GET /api/v1/telemetry/services/1
2026-07-31 03:26:34.144 INFO  [main] c.e.a.controller.TelemetryController : GET /api/v1/telemetry/dependencies — vendorId=null, serviceName=null
2026-07-31 03:26:34.146 INFO  [main] c.e.a.controller.TelemetryController : DELETE /api/v1/telemetry/dependencies/99
2026-07-31 03:26:34.146 WARN  [main] c.e.a.controller.TelemetryController : Dependency id=99 not found for delete
2026-07-31 03:26:34.148 INFO  [main] c.e.a.controller.TelemetryController : GET /api/v1/telemetry/dependencies — vendorId=1, serviceName=null
2026-07-31 03:26:34.150 INFO  [main] c.e.a.controller.TelemetryController : GET /api/v1/telemetry/dependencies — vendorId=1, serviceName=svc
2026-07-31 03:26:34.151 INFO  [main] c.e.a.controller.TelemetryController : GET /api/v1/telemetry/dependencies — vendorId=null, serviceName=payment-svc
2026-07-31 03:26:34.153 INFO  [main] c.e.a.controller.TelemetryController : POST /api/v1/telemetry/register — service=test-svc, vendor=99, endpoint=null null
2026-07-31 03:26:34.153 WARN  [main] c.e.a.controller.TelemetryController : Registration failed: vendor id=99 not found
2026-07-31 03:26:34.252 INFO  [main] c.e.a.controller.DiffController : GET /api/v1/diffs/history/1
2026-07-31 03:26:34.255 INFO  [main] c.e.a.controller.DiffController : GET /api/v1/diffs/history/99
2026-07-31 03:26:34.258 INFO  [main] c.e.a.controller.DiffController : POST /api/v1/diffs/trigger/1 — manual diff triggered
2026-07-31 03:26:34.258 INFO  [main] c.e.a.controller.DiffController : Manual diff triggered for vendor: Stripe
2026-07-31 03:26:34.262 INFO  [main] c.e.a.controller.DiffController : GET /api/v1/diffs/active/99
2026-07-31 03:26:34.264 INFO  [main] c.e.a.controller.DiffController : POST /api/v1/diffs/resolve/99 — manual resolution
2026-07-31 03:26:34.265 WARN  [main] c.e.a.controller.DiffController : Resolution failed: fingerprint id=99 not found
2026-07-31 03:26:34.267 INFO  [main] c.e.a.controller.DiffController : POST /api/v1/diffs/trigger/99 — manual diff triggered
2026-07-31 03:26:34.267 WARN  [main] c.e.a.controller.DiffController : Trigger failed: vendor id=99 not found
2026-07-31 03:26:34.269 INFO  [main] c.e.a.controller.DiffController : POST /api/v1/diffs/resolve/1 — manual resolution
2026-07-31 03:26:34.269 INFO  [main] c.e.a.controller.DiffController : Fingerprint abc resolved by unknown — no notes
2026-07-31 03:26:34.271 INFO  [main] c.e.a.controller.DiffController : GET /api/v1/diffs/active/1
2026-07-31 03:26:34.345 INFO  [main] c.e.a.controller.VendorController : PUT /api/v1/vendors/99 — updating to 'X'
2026-07-31 03:26:34.347 INFO  [main] c.e.a.controller.VendorController : GET /api/v1/vendors/99
2026-07-31 03:26:34.350 INFO  [main] c.e.a.controller.VendorController : GET /api/v1/vendors — filtered by tag 'payments'
2026-07-31 03:26:34.354 INFO  [main] c.e.a.controller.VendorController : POST /api/v1/vendors — creating vendor 'Stripe'
2026-07-31 03:26:34.355 INFO  [main] c.e.a.controller.VendorController : Vendor 'Stripe' created with id=1
2026-07-31 03:26:34.357 INFO  [main] c.e.a.controller.VendorController : POST /api/v1/vendors/1/health/reset
2026-07-31 03:26:34.360 INFO  [main] c.e.a.controller.VendorController : PUT /api/v1/vendors/1 — updating to 'New'
2026-07-31 03:26:34.360 INFO  [main] c.e.a.controller.VendorController : Vendor id=1 updated
2026-07-31 03:26:34.362 INFO  [main] c.e.a.controller.VendorController : GET /api/v1/vendors/99/health
2026-07-31 03:26:34.364 INFO  [main] c.e.a.controller.VendorController : DELETE /api/v1/vendors/1
2026-07-31 03:26:34.364 INFO  [main] c.e.a.controller.VendorController : Vendor id=1 deleted
2026-07-31 03:26:34.366 INFO  [main] c.e.a.controller.VendorController : DELETE /api/v1/vendors/99
2026-07-31 03:26:34.366 WARN  [main] c.e.a.controller.VendorController : Vendor id=99 not found for delete
2026-07-31 03:26:34.368 INFO  [main] c.e.a.controller.VendorController : POST /api/v1/vendors — creating vendor 'Stripe'
2026-07-31 03:26:34.369 WARN  [main] c.e.a.controller.VendorController : Vendor 'Stripe' already exists — conflict
2026-07-31 03:26:34.371 INFO  [main] c.e.a.controller.VendorController : GET /api/v1/vendors/1
2026-07-31 03:26:34.374 INFO  [main] c.e.a.controller.VendorController : GET /api/v1/vendors — listing all vendors
2026-07-31 03:26:34.376 INFO  [main] c.e.a.controller.VendorController : GET /api/v1/vendors/1/health
2026-07-31 03:26:34.386 WARN  [main] c.e.a.service.VendorHealthService : Vendor 1 fetch failure 1/3 (1 total) — will retry
2026-07-31 03:26:34.386 INFO  [main] c.e.a.service.VendorHealthService : Vendor 1 circuit closed — fetch succeeded after 1 consecutive failures
2026-07-31 03:26:34.386 WARN  [main] c.e.a.service.VendorHealthService : Vendor 1 fetch failure 1/3 (1 total) — will retry
2026-07-31 03:26:34.387 WARN  [main] c.e.a.service.VendorHealthService : Vendor 1 fetch failure 1/3 (1 total) — will retry
2026-07-31 03:26:34.387 WARN  [main] c.e.a.service.VendorHealthService : Vendor 1 fetch failure 2/3 (2 total) — will retry
2026-07-31 03:26:34.388 WARN  [main] c.e.a.service.VendorHealthService : Vendor 1 fetch failure 1/3 (1 total) — will retry
2026-07-31 03:26:34.388 WARN  [main] c.e.a.service.VendorHealthService : Vendor 1 fetch failure 2/3 (2 total) — will retry
2026-07-31 03:26:34.388 INFO  [main] c.e.a.service.VendorHealthService : Vendor 1 circuit closed — fetch succeeded after 2 consecutive failures
2026-07-31 03:26:34.389 WARN  [main] c.e.a.service.VendorHealthService : Vendor 1 fetch failure 1/3 (1 total) — will retry
2026-07-31 03:26:34.390 WARN  [main] c.e.a.service.VendorHealthService : Vendor 1 fetch failure 1/3 (1 total) — will retry
2026-07-31 03:26:34.390 WARN  [main] c.e.a.service.VendorHealthService : Vendor 1 fetch failure 2/3 (2 total) — will retry
2026-07-31 03:26:34.390 WARN  [main] c.e.a.service.VendorHealthService : Vendor 1 circuit OPEN — 3 consecutive fetch failures, pausing for 1 min
2026-07-31 03:26:34.390 WARN  [main] c.e.a.service.VendorHealthService : Vendor 2 fetch failure 1/3 (1 total) — will retry
2026-07-31 03:26:34.392 WARN  [main] c.e.a.service.VendorHealthService : Vendor 1 fetch failure 1/3 (1 total) — will retry
2026-07-31 03:26:34.392 WARN  [main] c.e.a.service.VendorHealthService : Vendor 1 fetch failure 2/3 (2 total) — will retry
2026-07-31 03:26:34.392 WARN  [main] c.e.a.service.VendorHealthService : Vendor 1 circuit OPEN — 3 consecutive fetch failures, pausing for 30 min
2026-07-31 03:26:34.394 WARN  [main] c.e.a.service.VendorHealthService : Vendor 1 fetch failure 1/3 (1 total) — will retry
2026-07-31 03:26:34.394 WARN  [main] c.e.a.service.VendorHealthService : Vendor 1 fetch failure 2/3 (2 total) — will retry
2026-07-31 03:26:34.395 WARN  [main] c.e.a.service.VendorHealthService : Vendor 1 circuit OPEN — 3 consecutive fetch failures, pausing for 1 min
2026-07-31 03:26:34.395 INFO  [main] c.e.a.service.VendorHealthService : Vendor 1 circuit closed — fetch succeeded after 3 consecutive failures
2026-07-31 03:26:34.395 WARN  [main] c.e.a.service.VendorHealthService : Vendor 1 fetch failure 1/3 (1 total) — will retry
2026-07-31 03:26:34.395 WARN  [main] c.e.a.service.VendorHealthService : Vendor 1 fetch failure 2/3 (2 total) — will retry
2026-07-31 03:26:34.395 WARN  [main] c.e.a.service.VendorHealthService : Vendor 1 circuit OPEN — 3 consecutive fetch failures, pausing for 1 min
2026-07-31 03:26:34.396 INFO  [main] c.e.a.service.VendorHealthService : Vendor 1 health state reset
2026-07-31 03:26:34.398 WARN  [main] c.e.a.service.VendorHealthService : Vendor 1 fetch failure 1/3 (1 total) — will retry
2026-07-31 03:26:34.399 WARN  [main] c.e.a.service.VendorHealthService : Vendor 1 fetch failure 2/3 (2 total) — will retry
2026-07-31 03:26:34.399 WARN  [main] c.e.a.service.VendorHealthService : Vendor 1 circuit OPEN — 3 consecutive fetch failures, pausing for 1 min
2026-07-31 03:26:34.399 WARN  [main] c.e.a.service.VendorHealthService : Vendor 1 fetch failure 1/3 (1 total) — will retry
2026-07-31 03:26:34.404 INFO  [main] c.e.a.service.DashboardService : Dashboard built: 5 vendors (3 active), 0 active breaking changes across 0 vendors
2026-07-31 03:26:34.410 INFO  [main] c.e.a.service.DashboardService : Dashboard built: 5 vendors (3 active), 1 active breaking changes across 1 vendors
2026-07-31 03:26:34.413 INFO  [main] c.e.a.service.DashboardService : Dashboard built: 5 vendors (3 active), 3 active breaking changes across 2 vendors
2026-07-31 03:26:34.417 INFO  [main] c.e.a.service.DashboardService : Dashboard built: 5 vendors (3 active), 0 active breaking changes across 0 vendors
2026-07-31 03:26:34.419 INFO  [main] c.e.a.service.DashboardService : Dashboard built: 5 vendors (3 active), 0 active breaking changes across 0 vendors
2026-07-31 03:26:34.423 INFO  [main] c.e.a.service.EncryptionService : Encryption service initialized with AES-256-GCM
2026-07-31 03:26:34.424 INFO  [main] c.e.a.service.EncryptionService : Encryption service initialized with AES-256-GCM
2026-07-31 03:26:34.424 INFO  [main] c.e.a.service.EncryptionService : Encryption service initialized with AES-256-GCM
2026-07-31 03:26:34.428 INFO  [main] c.e.a.service.EncryptionService : Encryption service initialized with AES-256-GCM
2026-07-31 03:26:34.429 INFO  [main] c.e.a.service.EncryptionService : Encryption service initialized with AES-256-GCM
2026-07-31 03:26:34.432 INFO  [main] c.e.a.service.EncryptionService : Encryption service initialized with AES-256-GCM
2026-07-31 03:26:34.433 INFO  [main] c.e.a.service.EncryptionService : Encryption service initialized with AES-256-GCM
2026-07-31 03:26:34.434 INFO  [main] c.e.a.service.EncryptionService : Encryption service initialized with AES-256-GCM
2026-07-31 03:26:34.435 ERROR [main] c.e.a.service.EncryptionService : Decryption failed: Illegal base64 character 2d
2026-07-31 03:26:34.437 INFO  [main] c.e.a.service.EncryptionService : Encryption service initialized with AES-256-GCM
2026-07-31 03:26:34.438 INFO  [main] c.e.a.service.EncryptionService : Encryption service initialized with AES-256-GCM
2026-07-31 03:26:34.438 INFO  [main] c.e.a.service.EncryptionService : Encryption service initialized with AES-256-GCM
2026-07-31 03:26:34.439 ERROR [main] c.e.a.service.EncryptionService : Decryption failed: Tag mismatch
2026-07-31 03:26:34.448 DEBUG [main] c.e.a.engine.FingerprintService : Fingerprint 13d64596c0d56951de024b495b7b912546c6d214260bafcefb98c00b8063c77e already active, suppressing duplicate alert
2026-07-31 03:26:34.449 INFO  [main] c.e.a.engine.FingerprintService : Fingerprint abc123 auto-resolved (no longer detected)
2026-07-31 03:26:34.449 INFO  [main] c.e.a.engine.FingerprintService : Dedup complete: 1 total changes, 0 alertable
2026-07-31 03:26:34.451 INFO  [main] c.e.a.engine.FingerprintService : Fingerprint 13d64596c0d56951de024b495b7b912546c6d214260bafcefb98c00b8063c77e RESOLVED → re-activated, alerting
2026-07-31 03:26:34.451 INFO  [main] c.e.a.engine.FingerprintService : Dedup complete: 1 total changes, 1 alertable
2026-07-31 03:26:34.453 INFO  [main] c.e.a.engine.FingerprintService : New fingerprint 13d64596c0d56951de024b495b7b912546c6d214260bafcefb98c00b8063c77e created, alerting
2026-07-31 03:26:34.454 INFO  [main] c.e.a.engine.FingerprintService : Dedup complete: 1 total changes, 1 alertable
2026-07-31 03:26:34.458 INFO  [main] c.e.a.engine.FingerprintService : Dedup complete: 0 total changes, 0 alertable
2026-07-31 03:26:34.462 INFO  [main] c.e.a.engine.FingerprintService : New fingerprint b63b7d124cde498536c7539883efdac759e51660608d64c8cc434b3e8e4a0008 created, alerting
2026-07-31 03:26:34.462 INFO  [main] c.e.a.engine.FingerprintService : Fingerprint old-hash auto-resolved (no longer detected)
2026-07-31 03:26:34.462 INFO  [main] c.e.a.engine.FingerprintService : Dedup complete: 1 total changes, 1 alertable
2026-07-31 03:26:34.467 INFO  [main] c.e.a.e.DirectionalCompatibilityEvaluator : Compatibility evaluation complete: 0 total changes, 0 breaking
2026-07-31 03:26:34.469 INFO  [main] c.e.a.e.DirectionalCompatibilityEvaluator : Compatibility evaluation complete: 1 total changes, 1 breaking
2026-07-31 03:26:34.472 INFO  [main] c.e.a.e.DirectionalCompatibilityEvaluator : Compatibility evaluation complete: 1 total changes, 1 breaking
2026-07-31 03:26:34.473 INFO  [main] c.e.a.e.DirectionalCompatibilityEvaluator : Compatibility evaluation complete: 1 total changes, 0 breaking
2026-07-31 03:26:34.475 INFO  [main] c.e.a.e.DirectionalCompatibilityEvaluator : Compatibility evaluation complete: 4 total changes, 2 breaking
2026-07-31 03:26:34.477 INFO  [main] c.e.a.e.DirectionalCompatibilityEvaluator : Compatibility evaluation complete: 0 total changes, 0 breaking
2026-07-31 03:26:34.478 INFO  [main] c.e.a.e.DirectionalCompatibilityEvaluator : Compatibility evaluation complete: 2 total changes, 1 breaking
2026-07-31 03:26:34.479 INFO  [main] c.e.a.e.DirectionalCompatibilityEvaluator : Compatibility evaluation complete: 1 total changes, 0 breaking
2026-07-31 03:26:34.481 INFO  [main] c.e.a.e.DirectionalCompatibilityEvaluator : Compatibility evaluation complete: 1 total changes, 1 breaking
2026-07-31 03:26:34.528 DEBUG [main] c.e.a.e.telemetry.TelemetryRegistry : Registered: vendor=1, endpoint=/v1/test, field=null → test-svc
2026-07-31 03:26:34.530 DEBUG [main] c.e.a.e.telemetry.TelemetryRegistry : Dependency already exists: vendor=1, endpoint=/v1/charges, service=payment-service — skipping
2026-07-31 03:26:34.532 DEBUG [main] c.e.a.e.telemetry.TelemetryRegistry : Registered: vendor=1, endpoint=/v1/charges, field=/requestBody/properties/amount → payment-service
2026-07-31 03:26:34.534 DEBUG [main] c.e.a.e.telemetry.TelemetryRegistry : Telemetry hit: vendor=1, endpoint=/v1/charges, field=/requestBody/properties/amount → [order-service, payment-service]
2026-07-31 03:26:34.538 INFO  [main] c.e.a.e.t.UsageCorrelationService : Change on /v1/charges//parameters/page consumed by [payment-service] — severity escalated to CRITICAL
2026-07-31 03:26:34.540 INFO  [main] c.e.a.e.t.UsageCorrelationService : Change on /v1/charges//parameters/id consumed by [payment-service] — severity escalated to CRITICAL
2026-07-31 03:26:34.544 INFO  [main] c.e.a.e.t.UsageCorrelationService : Change on /v1/charges//parameters/id consumed by [user-service, payment-service, order-service] — severity escalated to CRITICAL
2026-07-31 03:26:34.545 INFO  [main] c.e.a.e.t.UsageCorrelationService : Change on /v1/charges//parameters/id not consumed — severity downgraded to LOW
2026-07-31 03:26:34.550 DEBUG [main] c.e.a.engine.EgressFetchService : SSRF validation passed for example.com -> 172.66.147.243
2026-07-31 03:36:07.188 INFO  [main] c.e.a.ApiDriftApplicationTests : Starting ApiDriftApplicationTests using Java 21.0.2 with PID 43452 (started by nishant in /Users/nishant/CODE/api-drift-engine)
2026-07-31 03:36:07.189 DEBUG [main] c.e.a.ApiDriftApplicationTests : Running with Spring Boot v3.3.0, Spring v6.1.8
2026-07-31 03:36:07.189 INFO  [main] c.e.a.ApiDriftApplicationTests : The following 1 profile is active: "test"
2026-07-31 03:36:09.180 WARN  [main] org.hibernate.orm.deprecation : HHH90000025: H2Dialect does not need to be specified explicitly using 'hibernate.dialect' (remove the property setting and it will be selected by default)
2026-07-31 03:36:11.235 DEBUG [main] c.e.a.e.telemetry.TelemetryRegistry : Mock data seeding is disabled (telemetry.seed-mock-data=false)
2026-07-31 03:36:11.323 ERROR [main] i.n.r.d.DnsServerAddressStreamProviders : Unable to load io.netty.resolver.dns.macos.MacOSDnsServerAddressStreamProvider, fallback to system defaults. This may result in incorrect DNS resolutions on MacOS. Check whether you have a dependency on 'io.netty:netty-resolver-dns-native-macos'. Use DEBUG level to see the full stack: java.lang.UnsatisfiedLinkError: failed to load the required native library
2026-07-31 03:36:11.455 INFO  [main] c.e.a.service.EncryptionService : Encryption service initialized with AES-256-GCM
2026-07-31 03:36:11.566 WARN  [main] o.s.b.a.o.j.JpaBaseConfiguration$JpaWebConfiguration : spring.jpa.open-in-view is enabled by default. Therefore, database queries may be performed during view rendering. Explicitly configure spring.jpa.open-in-view to disable this warning
2026-07-31 03:36:12.405 INFO  [main] c.e.a.ApiDriftApplicationTests : Started ApiDriftApplicationTests in 5.572 seconds (process running for 6.52)
2026-07-31 03:36:13.276 INFO  [main] c.e.a.c.SpecSnapshotController : GET /api/v1/snapshots/1/diff — old=1, new=2
2026-07-31 03:36:13.471 INFO  [main] c.e.a.c.SpecSnapshotController : GET /api/v1/snapshots/1/diff — old=1, new=2
2026-07-31 03:36:13.486 INFO  [main] c.e.a.c.SpecSnapshotController : GET /api/v1/snapshots/1/diff — old=99, new=2
2026-07-31 03:36:13.590 INFO  [main] c.e.a.c.ChangeFeedController : GET /api/v1/changes/stats
2026-07-31 03:36:13.621 INFO  [main] c.e.a.c.SpecSnapshotController : GET /api/v1/snapshots/1
2026-07-31 03:36:13.638 INFO  [main] c.e.a.c.SpecSnapshotController : GET /api/v1/snapshots/1/99
2026-07-31 03:36:13.641 INFO  [main] c.e.a.c.SpecSnapshotController : GET /api/v1/snapshots/1/latest
2026-07-31 03:36:13.644 INFO  [main] c.e.a.c.SpecSnapshotController : GET /api/v1/snapshots/1/2
2026-07-31 03:36:13.646 INFO  [main] c.e.a.c.SpecSnapshotController : GET /api/v1/snapshots/99/2
2026-07-31 03:36:13.648 INFO  [main] c.e.a.c.SpecSnapshotController : GET /api/v1/snapshots/1/latest
2026-07-31 03:36:13.651 INFO  [main] c.e.a.c.SpecSnapshotController : GET /api/v1/snapshots/99
2026-07-31 03:36:13.776 INFO  [main] c.e.a.controller.TelemetryController : POST /api/v1/telemetry/register — service=payment-svc, vendor=1, endpoint=POST /api/pay
2026-07-31 03:36:13.776 INFO  [main] c.e.a.controller.TelemetryController : Service dependency registered: id=1, service=payment-svc → vendor=Stripe
2026-07-31 03:36:13.780 INFO  [main] c.e.a.controller.TelemetryController : POST /api/v1/telemetry/register — service=payment-svc, vendor=1, endpoint=POST /api/pay
2026-07-31 03:36:13.780 DEBUG [main] c.e.a.controller.TelemetryController : Dependency already registered: service=payment-svc, vendor=1, endpoint=/api/pay
2026-07-31 03:36:13.783 INFO  [main] c.e.a.controller.TelemetryController : DELETE /api/v1/telemetry/dependencies/1
2026-07-31 03:36:13.783 INFO  [main] c.e.a.controller.TelemetryController : Dependency id=1 deleted
2026-07-31 03:36:13.794 INFO  [main] c.e.a.controller.TelemetryController : GET /api/v1/telemetry/services/1
2026-07-31 03:36:13.797 INFO  [main] c.e.a.controller.TelemetryController : GET /api/v1/telemetry/dependencies — vendorId=null, serviceName=null
2026-07-31 03:36:13.800 INFO  [main] c.e.a.controller.TelemetryController : DELETE /api/v1/telemetry/dependencies/99
2026-07-31 03:36:13.800 WARN  [main] c.e.a.controller.TelemetryController : Dependency id=99 not found for delete
2026-07-31 03:36:13.802 INFO  [main] c.e.a.controller.TelemetryController : GET /api/v1/telemetry/dependencies — vendorId=1, serviceName=null
2026-07-31 03:36:13.804 INFO  [main] c.e.a.controller.TelemetryController : GET /api/v1/telemetry/dependencies — vendorId=1, serviceName=svc
2026-07-31 03:36:13.807 INFO  [main] c.e.a.controller.TelemetryController : GET /api/v1/telemetry/dependencies — vendorId=null, serviceName=payment-svc
2026-07-31 03:36:13.810 INFO  [main] c.e.a.controller.TelemetryController : POST /api/v1/telemetry/register — service=test-svc, vendor=99, endpoint=null null
2026-07-31 03:36:13.810 WARN  [main] c.e.a.controller.TelemetryController : Registration failed: vendor id=99 not found
2026-07-31 03:36:13.925 INFO  [main] c.e.a.controller.DiffController : GET /api/v1/diffs/history/1
2026-07-31 03:36:13.930 INFO  [main] c.e.a.controller.DiffController : GET /api/v1/diffs/history/99
2026-07-31 03:36:13.933 INFO  [main] c.e.a.controller.DiffController : POST /api/v1/diffs/trigger/1 — manual diff triggered
2026-07-31 03:36:13.933 INFO  [main] c.e.a.controller.DiffController : Manual diff triggered for vendor: Stripe
2026-07-31 03:36:13.939 INFO  [main] c.e.a.controller.DiffController : GET /api/v1/diffs/active/99
2026-07-31 03:36:13.941 INFO  [main] c.e.a.controller.DiffController : POST /api/v1/diffs/resolve/99 — manual resolution
2026-07-31 03:36:13.941 WARN  [main] c.e.a.controller.DiffController : Resolution failed: fingerprint id=99 not found
2026-07-31 03:36:13.943 INFO  [main] c.e.a.controller.DiffController : POST /api/v1/diffs/trigger/99 — manual diff triggered
2026-07-31 03:36:13.943 WARN  [main] c.e.a.controller.DiffController : Trigger failed: vendor id=99 not found
2026-07-31 03:36:13.945 INFO  [main] c.e.a.controller.DiffController : POST /api/v1/diffs/resolve/1 — manual resolution
2026-07-31 03:36:13.945 INFO  [main] c.e.a.controller.DiffController : Fingerprint abc resolved by unknown — no notes
2026-07-31 03:36:13.948 INFO  [main] c.e.a.controller.DiffController : GET /api/v1/diffs/active/1
2026-07-31 03:36:14.028 INFO  [main] c.e.a.controller.VendorController : PUT /api/v1/vendors/99 — updating to 'X'
2026-07-31 03:36:14.030 INFO  [main] c.e.a.controller.VendorController : GET /api/v1/vendors/99
2026-07-31 03:36:14.034 INFO  [main] c.e.a.controller.VendorController : GET /api/v1/vendors — filtered by tag 'payments'
2026-07-31 03:36:14.039 INFO  [main] c.e.a.controller.VendorController : POST /api/v1/vendors — creating vendor 'Stripe'
2026-07-31 03:36:14.040 INFO  [main] c.e.a.controller.VendorController : Vendor 'Stripe' created with id=1
2026-07-31 03:36:14.042 INFO  [main] c.e.a.controller.VendorController : POST /api/v1/vendors/1/health/reset
2026-07-31 03:36:14.045 INFO  [main] c.e.a.controller.VendorController : PUT /api/v1/vendors/1 — updating to 'New'
2026-07-31 03:36:14.045 INFO  [main] c.e.a.controller.VendorController : Vendor id=1 updated
2026-07-31 03:36:14.047 INFO  [main] c.e.a.controller.VendorController : GET /api/v1/vendors/99/health
2026-07-31 03:36:14.049 INFO  [main] c.e.a.controller.VendorController : DELETE /api/v1/vendors/1
2026-07-31 03:36:14.050 INFO  [main] c.e.a.controller.VendorController : Vendor id=1 deleted
2026-07-31 03:36:14.052 INFO  [main] c.e.a.controller.VendorController : DELETE /api/v1/vendors/99
2026-07-31 03:36:14.052 WARN  [main] c.e.a.controller.VendorController : Vendor id=99 not found for delete
2026-07-31 03:36:14.054 INFO  [main] c.e.a.controller.VendorController : POST /api/v1/vendors — creating vendor 'Stripe'
2026-07-31 03:36:14.054 WARN  [main] c.e.a.controller.VendorController : Vendor 'Stripe' already exists — conflict
2026-07-31 03:36:14.056 INFO  [main] c.e.a.controller.VendorController : GET /api/v1/vendors/1
2026-07-31 03:36:14.058 INFO  [main] c.e.a.controller.VendorController : GET /api/v1/vendors — listing all vendors
2026-07-31 03:36:14.060 INFO  [main] c.e.a.controller.VendorController : GET /api/v1/vendors/1/health
2026-07-31 03:36:14.076 WARN  [main] c.e.a.service.VendorHealthService : Vendor 1 fetch failure 1/3 (1 total) — will retry
2026-07-31 03:36:14.076 INFO  [main] c.e.a.service.VendorHealthService : Vendor 1 circuit closed — fetch succeeded after 1 consecutive failures
2026-07-31 03:36:14.077 WARN  [main] c.e.a.service.VendorHealthService : Vendor 1 fetch failure 1/3 (1 total) — will retry
2026-07-31 03:36:14.078 WARN  [main] c.e.a.service.VendorHealthService : Vendor 1 fetch failure 1/3 (1 total) — will retry
2026-07-31 03:36:14.078 WARN  [main] c.e.a.service.VendorHealthService : Vendor 1 fetch failure 2/3 (2 total) — will retry
2026-07-31 03:36:14.079 WARN  [main] c.e.a.service.VendorHealthService : Vendor 1 fetch failure 1/3 (1 total) — will retry
2026-07-31 03:36:14.079 WARN  [main] c.e.a.service.VendorHealthService : Vendor 1 fetch failure 2/3 (2 total) — will retry
2026-07-31 03:36:14.079 INFO  [main] c.e.a.service.VendorHealthService : Vendor 1 circuit closed — fetch succeeded after 2 consecutive failures
2026-07-31 03:36:14.080 WARN  [main] c.e.a.service.VendorHealthService : Vendor 1 fetch failure 1/3 (1 total) — will retry
2026-07-31 03:36:14.081 WARN  [main] c.e.a.service.VendorHealthService : Vendor 1 fetch failure 1/3 (1 total) — will retry
2026-07-31 03:36:14.081 WARN  [main] c.e.a.service.VendorHealthService : Vendor 1 fetch failure 2/3 (2 total) — will retry
2026-07-31 03:36:14.081 WARN  [main] c.e.a.service.VendorHealthService : Vendor 1 circuit OPEN — 3 consecutive fetch failures, pausing for 1 min
2026-07-31 03:36:14.082 WARN  [main] c.e.a.service.VendorHealthService : Vendor 2 fetch failure 1/3 (1 total) — will retry
2026-07-31 03:36:14.083 WARN  [main] c.e.a.service.VendorHealthService : Vendor 1 fetch failure 1/3 (1 total) — will retry
2026-07-31 03:36:14.083 WARN  [main] c.e.a.service.VendorHealthService : Vendor 1 fetch failure 2/3 (2 total) — will retry
2026-07-31 03:36:14.083 WARN  [main] c.e.a.service.VendorHealthService : Vendor 1 circuit OPEN — 3 consecutive fetch failures, pausing for 30 min
2026-07-31 03:36:14.085 WARN  [main] c.e.a.service.VendorHealthService : Vendor 1 fetch failure 1/3 (1 total) — will retry
2026-07-31 03:36:14.085 WARN  [main] c.e.a.service.VendorHealthService : Vendor 1 fetch failure 2/3 (2 total) — will retry
2026-07-31 03:36:14.085 WARN  [main] c.e.a.service.VendorHealthService : Vendor 1 circuit OPEN — 3 consecutive fetch failures, pausing for 1 min
2026-07-31 03:36:14.085 INFO  [main] c.e.a.service.VendorHealthService : Vendor 1 circuit closed — fetch succeeded after 3 consecutive failures
2026-07-31 03:36:14.086 WARN  [main] c.e.a.service.VendorHealthService : Vendor 1 fetch failure 1/3 (1 total) — will retry
2026-07-31 03:36:14.086 WARN  [main] c.e.a.service.VendorHealthService : Vendor 1 fetch failure 2/3 (2 total) — will retry
2026-07-31 03:36:14.087 WARN  [main] c.e.a.service.VendorHealthService : Vendor 1 circuit OPEN — 3 consecutive fetch failures, pausing for 1 min
2026-07-31 03:36:14.087 INFO  [main] c.e.a.service.VendorHealthService : Vendor 1 health state reset
2026-07-31 03:36:14.091 WARN  [main] c.e.a.service.VendorHealthService : Vendor 1 fetch failure 1/3 (1 total) — will retry
2026-07-31 03:36:14.091 WARN  [main] c.e.a.service.VendorHealthService : Vendor 1 fetch failure 2/3 (2 total) — will retry
2026-07-31 03:36:14.091 WARN  [main] c.e.a.service.VendorHealthService : Vendor 1 circuit OPEN — 3 consecutive fetch failures, pausing for 1 min
2026-07-31 03:36:14.092 WARN  [main] c.e.a.service.VendorHealthService : Vendor 1 fetch failure 1/3 (1 total) — will retry
2026-07-31 03:36:14.102 INFO  [main] c.e.a.service.DashboardService : Dashboard built: 5 vendors (3 active), 0 active breaking changes across 0 vendors
2026-07-31 03:36:14.109 INFO  [main] c.e.a.service.DashboardService : Dashboard built: 5 vendors (3 active), 1 active breaking changes across 1 vendors
2026-07-31 03:36:14.112 INFO  [main] c.e.a.service.DashboardService : Dashboard built: 5 vendors (3 active), 3 active breaking changes across 2 vendors
2026-07-31 03:36:14.115 INFO  [main] c.e.a.service.DashboardService : Dashboard built: 5 vendors (3 active), 0 active breaking changes across 0 vendors
2026-07-31 03:36:14.118 INFO  [main] c.e.a.service.DashboardService : Dashboard built: 5 vendors (3 active), 0 active breaking changes across 0 vendors
2026-07-31 03:36:14.126 INFO  [main] c.e.a.service.EncryptionService : Encryption service initialized with AES-256-GCM
2026-07-31 03:36:14.127 INFO  [main] c.e.a.service.EncryptionService : Encryption service initialized with AES-256-GCM
2026-07-31 03:36:14.128 INFO  [main] c.e.a.service.EncryptionService : Encryption service initialized with AES-256-GCM
2026-07-31 03:36:14.133 INFO  [main] c.e.a.service.EncryptionService : Encryption service initialized with AES-256-GCM
2026-07-31 03:36:14.134 INFO  [main] c.e.a.service.EncryptionService : Encryption service initialized with AES-256-GCM
2026-07-31 03:36:14.136 INFO  [main] c.e.a.service.EncryptionService : Encryption service initialized with AES-256-GCM
2026-07-31 03:36:14.137 INFO  [main] c.e.a.service.EncryptionService : Encryption service initialized with AES-256-GCM
2026-07-31 03:36:14.138 INFO  [main] c.e.a.service.EncryptionService : Encryption service initialized with AES-256-GCM
2026-07-31 03:36:14.139 ERROR [main] c.e.a.service.EncryptionService : Decryption failed: Illegal base64 character 2d
2026-07-31 03:36:14.142 INFO  [main] c.e.a.service.EncryptionService : Encryption service initialized with AES-256-GCM
2026-07-31 03:36:14.143 INFO  [main] c.e.a.service.EncryptionService : Encryption service initialized with AES-256-GCM
2026-07-31 03:36:14.144 INFO  [main] c.e.a.service.EncryptionService : Encryption service initialized with AES-256-GCM
2026-07-31 03:36:14.145 ERROR [main] c.e.a.service.EncryptionService : Decryption failed: Tag mismatch
2026-07-31 03:36:14.167 DEBUG [main] c.e.a.engine.FingerprintService : Fingerprint 13d64596c0d56951de024b495b7b912546c6d214260bafcefb98c00b8063c77e already active, suppressing duplicate alert
2026-07-31 03:36:14.169 INFO  [main] c.e.a.engine.FingerprintService : Fingerprint abc123 auto-resolved (no longer detected)
2026-07-31 03:36:14.169 INFO  [main] c.e.a.engine.FingerprintService : Dedup complete: 1 total changes, 0 alertable
2026-07-31 03:36:14.173 INFO  [main] c.e.a.engine.FingerprintService : Fingerprint 13d64596c0d56951de024b495b7b912546c6d214260bafcefb98c00b8063c77e RESOLVED → re-activated, alerting
2026-07-31 03:36:14.173 INFO  [main] c.e.a.engine.FingerprintService : Dedup complete: 1 total changes, 1 alertable
2026-07-31 03:36:14.176 INFO  [main] c.e.a.engine.FingerprintService : New fingerprint 13d64596c0d56951de024b495b7b912546c6d214260bafcefb98c00b8063c77e created, alerting
2026-07-31 03:36:14.177 INFO  [main] c.e.a.engine.FingerprintService : Dedup complete: 1 total changes, 1 alertable
2026-07-31 03:36:14.181 INFO  [main] c.e.a.engine.FingerprintService : Dedup complete: 0 total changes, 0 alertable
2026-07-31 03:36:14.186 INFO  [main] c.e.a.engine.FingerprintService : New fingerprint b63b7d124cde498536c7539883efdac759e51660608d64c8cc434b3e8e4a0008 created, alerting
2026-07-31 03:36:14.186 INFO  [main] c.e.a.engine.FingerprintService : Fingerprint old-hash auto-resolved (no longer detected)
2026-07-31 03:36:14.186 INFO  [main] c.e.a.engine.FingerprintService : Dedup complete: 1 total changes, 1 alertable
2026-07-31 03:36:14.196 INFO  [main] c.e.a.e.DirectionalCompatibilityEvaluator : Compatibility evaluation complete: 0 total changes, 0 breaking
2026-07-31 03:36:14.198 INFO  [main] c.e.a.e.DirectionalCompatibilityEvaluator : Compatibility evaluation complete: 1 total changes, 1 breaking
2026-07-31 03:36:14.202 INFO  [main] c.e.a.e.DirectionalCompatibilityEvaluator : Compatibility evaluation complete: 1 total changes, 1 breaking
2026-07-31 03:36:14.203 INFO  [main] c.e.a.e.DirectionalCompatibilityEvaluator : Compatibility evaluation complete: 1 total changes, 0 breaking
2026-07-31 03:36:14.205 INFO  [main] c.e.a.e.DirectionalCompatibilityEvaluator : Compatibility evaluation complete: 4 total changes, 2 breaking
2026-07-31 03:36:14.206 INFO  [main] c.e.a.e.DirectionalCompatibilityEvaluator : Compatibility evaluation complete: 0 total changes, 0 breaking
2026-07-31 03:36:14.208 INFO  [main] c.e.a.e.DirectionalCompatibilityEvaluator : Compatibility evaluation complete: 2 total changes, 1 breaking
2026-07-31 03:36:14.210 INFO  [main] c.e.a.e.DirectionalCompatibilityEvaluator : Compatibility evaluation complete: 1 total changes, 0 breaking
2026-07-31 03:36:14.212 INFO  [main] c.e.a.e.DirectionalCompatibilityEvaluator : Compatibility evaluation complete: 1 total changes, 1 breaking
2026-07-31 03:36:14.282 DEBUG [main] c.e.a.e.telemetry.TelemetryRegistry : Registered: vendor=1, endpoint=/v1/test, field=null → test-svc
2026-07-31 03:36:14.284 DEBUG [main] c.e.a.e.telemetry.TelemetryRegistry : Dependency already exists: vendor=1, endpoint=/v1/charges, service=payment-service — skipping
2026-07-31 03:36:14.286 DEBUG [main] c.e.a.e.telemetry.TelemetryRegistry : Registered: vendor=1, endpoint=/v1/charges, field=/requestBody/properties/amount → payment-service
2026-07-31 03:36:14.289 DEBUG [main] c.e.a.e.telemetry.TelemetryRegistry : Telemetry hit: vendor=1, endpoint=/v1/charges, field=/requestBody/properties/amount → [order-service, payment-service]
2026-07-31 03:36:14.298 INFO  [main] c.e.a.e.t.UsageCorrelationService : Change on /v1/charges//parameters/page consumed by [payment-service] — severity escalated to CRITICAL
2026-07-31 03:36:14.300 INFO  [main] c.e.a.e.t.UsageCorrelationService : Change on /v1/charges//parameters/id consumed by [payment-service] — severity escalated to CRITICAL
2026-07-31 03:36:14.304 INFO  [main] c.e.a.e.t.UsageCorrelationService : Change on /v1/charges//parameters/id consumed by [order-service, user-service, payment-service] — severity escalated to CRITICAL
2026-07-31 03:36:14.306 INFO  [main] c.e.a.e.t.UsageCorrelationService : Change on /v1/charges//parameters/id not consumed — severity downgraded to LOW
2026-07-31 03:36:14.393 DEBUG [main] c.e.a.engine.EgressFetchService : SSRF validation passed for example.com -> 172.66.147.243
