2026-07-28 20:56:50.075 INFO  [main] c.e.apidrift.ApiDriftApplication : Starting ApiDriftApplication using Java 21.0.2 with PID 74060 (/Users/nishant/CODE/api-drift-engine/target/classes started by nishant in /Users/nishant/CODE/api-drift-engine)
2026-07-28 20:56:50.075 DEBUG [main] c.e.apidrift.ApiDriftApplication : Running with Spring Boot v3.3.0, Spring v6.1.8
2026-07-28 20:56:50.076 INFO  [main] c.e.apidrift.ApiDriftApplication : The following 1 profile is active: "h2"
2026-07-28 20:56:51.124 INFO  [main] o.a.coyote.http11.Http11NioProtocol : Initializing ProtocolHandler ["http-nio-8080"]
2026-07-28 20:56:51.125 INFO  [main] o.a.catalina.core.StandardService : Starting service [Tomcat]
2026-07-28 20:56:51.125 INFO  [main] o.a.catalina.core.StandardEngine : Starting Servlet engine: [Apache Tomcat/10.1.24]
2026-07-28 20:56:51.162 INFO  [main] o.a.c.c.C.[Tomcat].[localhost].[/] : Initializing Spring embedded WebApplicationContext
2026-07-28 20:56:51.679 WARN  [main] org.hibernate.orm.deprecation : HHH90000025: H2Dialect does not need to be specified explicitly using 'hibernate.dialect' (remove the property setting and it will be selected by default)
2026-07-28 20:56:52.722 INFO  [main] c.e.a.e.telemetry.TelemetryRegistry : Telemetry registry seeded with 2 vendors
2026-07-28 20:56:52.792 ERROR [main] i.n.r.d.DnsServerAddressStreamProviders : Unable to load io.netty.resolver.dns.macos.MacOSDnsServerAddressStreamProvider, fallback to system defaults. This may result in incorrect DNS resolutions on MacOS. Check whether you have a dependency on 'io.netty:netty-resolver-dns-native-macos'. Use DEBUG level to see the full stack: java.lang.UnsatisfiedLinkError: failed to load the required native library
2026-07-28 20:56:52.850 INFO  [main] c.e.a.service.EncryptionService : Encryption service initialized with AES-256-GCM
2026-07-28 20:56:52.943 WARN  [main] o.s.b.a.o.j.JpaBaseConfiguration$JpaWebConfiguration : spring.jpa.open-in-view is enabled by default. Therefore, database queries may be performed during view rendering. Explicitly configure spring.jpa.open-in-view to disable this warning
2026-07-28 20:56:53.569 INFO  [main] o.a.coyote.http11.Http11NioProtocol : Starting ProtocolHandler ["http-nio-8080"]
2026-07-28 20:56:53.582 INFO  [main] c.e.apidrift.ApiDriftApplication : Started ApiDriftApplication in 3.829 seconds (process running for 4.583)
2026-07-28 20:56:53.855 INFO  [RMI TCP Connection(4)-192.168.1.20] o.a.c.c.C.[Tomcat].[localhost].[/] : Initializing Spring DispatcherServlet 'dispatcherServlet'
2026-07-28 20:58:33.794 INFO  [main] c.e.a.ApiDriftApplicationTests : Starting ApiDriftApplicationTests using Java 21.0.2 with PID 74225 (started by nishant in /Users/nishant/CODE/api-drift-engine)
2026-07-28 20:58:33.794 DEBUG [main] c.e.a.ApiDriftApplicationTests : Running with Spring Boot v3.3.0, Spring v6.1.8
2026-07-28 20:58:33.794 INFO  [main] c.e.a.ApiDriftApplicationTests : The following 1 profile is active: "test"
2026-07-28 20:58:35.414 WARN  [main] org.hibernate.orm.deprecation : HHH90000025: H2Dialect does not need to be specified explicitly using 'hibernate.dialect' (remove the property setting and it will be selected by default)
2026-07-28 20:58:36.593 INFO  [main] c.e.a.e.telemetry.TelemetryRegistry : Telemetry registry seeded with 2 vendors
2026-07-28 20:58:36.658 ERROR [main] i.n.r.d.DnsServerAddressStreamProviders : Unable to load io.netty.resolver.dns.macos.MacOSDnsServerAddressStreamProvider, fallback to system defaults. This may result in incorrect DNS resolutions on MacOS. Check whether you have a dependency on 'io.netty:netty-resolver-dns-native-macos'. Use DEBUG level to see the full stack: java.lang.UnsatisfiedLinkError: failed to load the required native library
2026-07-28 20:58:36.792 INFO  [main] c.e.a.service.EncryptionService : Encryption service initialized with AES-256-GCM
2026-07-28 20:58:36.927 WARN  [main] o.s.b.a.o.j.JpaBaseConfiguration$JpaWebConfiguration : spring.jpa.open-in-view is enabled by default. Therefore, database queries may be performed during view rendering. Explicitly configure spring.jpa.open-in-view to disable this warning
2026-07-28 20:58:37.618 INFO  [main] c.e.a.ApiDriftApplicationTests : Started ApiDriftApplicationTests in 4.065 seconds (process running for 4.855)
2026-07-28 20:58:47.651 INFO  [main] c.e.a.ApiDriftApplicationTests : Starting ApiDriftApplicationTests using Java 21.0.2 with PID 74364 (started by nishant in /Users/nishant/CODE/api-drift-engine)
2026-07-28 20:58:47.652 DEBUG [main] c.e.a.ApiDriftApplicationTests : Running with Spring Boot v3.3.0, Spring v6.1.8
2026-07-28 20:58:47.652 INFO  [main] c.e.a.ApiDriftApplicationTests : The following 1 profile is active: "test"
2026-07-28 20:58:48.837 WARN  [main] org.hibernate.orm.deprecation : HHH90000025: H2Dialect does not need to be specified explicitly using 'hibernate.dialect' (remove the property setting and it will be selected by default)
2026-07-28 20:58:49.859 INFO  [main] c.e.a.e.telemetry.TelemetryRegistry : Telemetry registry seeded with 2 vendors
2026-07-28 20:58:49.912 ERROR [main] i.n.r.d.DnsServerAddressStreamProviders : Unable to load io.netty.resolver.dns.macos.MacOSDnsServerAddressStreamProvider, fallback to system defaults. This may result in incorrect DNS resolutions on MacOS. Check whether you have a dependency on 'io.netty:netty-resolver-dns-native-macos'. Use DEBUG level to see the full stack: java.lang.UnsatisfiedLinkError: failed to load the required native library
2026-07-28 20:58:50.020 INFO  [main] c.e.a.service.EncryptionService : Encryption service initialized with AES-256-GCM
2026-07-28 20:58:50.120 WARN  [main] o.s.b.a.o.j.JpaBaseConfiguration$JpaWebConfiguration : spring.jpa.open-in-view is enabled by default. Therefore, database queries may be performed during view rendering. Explicitly configure spring.jpa.open-in-view to disable this warning
2026-07-28 20:58:50.753 INFO  [main] c.e.a.ApiDriftApplicationTests : Started ApiDriftApplicationTests in 3.302 seconds (process running for 3.76)
2026-07-28 20:59:00.889 INFO  [main] c.e.apidrift.ApiDriftApplication : Starting ApiDriftApplication using Java 21.0.2 with PID 74378 (/Users/nishant/CODE/api-drift-engine/target/classes started by nishant in /Users/nishant/CODE/api-drift-engine)
2026-07-28 20:59:00.890 DEBUG [main] c.e.apidrift.ApiDriftApplication : Running with Spring Boot v3.3.0, Spring v6.1.8
2026-07-28 20:59:00.890 INFO  [main] c.e.apidrift.ApiDriftApplication : The following 1 profile is active: "h2"
2026-07-28 20:59:01.790 INFO  [main] o.a.coyote.http11.Http11NioProtocol : Initializing ProtocolHandler ["http-nio-8080"]
2026-07-28 20:59:01.791 INFO  [main] o.a.catalina.core.StandardService : Starting service [Tomcat]
2026-07-28 20:59:01.791 INFO  [main] o.a.catalina.core.StandardEngine : Starting Servlet engine: [Apache Tomcat/10.1.24]
2026-07-28 20:59:01.813 INFO  [main] o.a.c.c.C.[Tomcat].[localhost].[/] : Initializing Spring embedded WebApplicationContext
2026-07-28 20:59:02.248 WARN  [main] org.hibernate.orm.deprecation : HHH90000025: H2Dialect does not need to be specified explicitly using 'hibernate.dialect' (remove the property setting and it will be selected by default)
2026-07-28 20:59:03.160 INFO  [main] c.e.a.e.telemetry.TelemetryRegistry : Telemetry registry seeded with 2 vendors
2026-07-28 20:59:03.216 ERROR [main] i.n.r.d.DnsServerAddressStreamProviders : Unable to load io.netty.resolver.dns.macos.MacOSDnsServerAddressStreamProvider, fallback to system defaults. This may result in incorrect DNS resolutions on MacOS. Check whether you have a dependency on 'io.netty:netty-resolver-dns-native-macos'. Use DEBUG level to see the full stack: java.lang.UnsatisfiedLinkError: failed to load the required native library
2026-07-28 20:59:03.271 INFO  [main] c.e.a.service.EncryptionService : Encryption service initialized with AES-256-GCM
2026-07-28 20:59:03.352 WARN  [main] o.s.b.a.o.j.JpaBaseConfiguration$JpaWebConfiguration : spring.jpa.open-in-view is enabled by default. Therefore, database queries may be performed during view rendering. Explicitly configure spring.jpa.open-in-view to disable this warning
2026-07-28 20:59:03.896 INFO  [main] o.a.coyote.http11.Http11NioProtocol : Starting ProtocolHandler ["http-nio-8080"]
2026-07-28 20:59:03.909 INFO  [main] c.e.apidrift.ApiDriftApplication : Started ApiDriftApplication in 3.263 seconds (process running for 3.685)
2026-07-28 20:59:04.389 INFO  [RMI TCP Connection(1)-192.168.1.20] o.a.c.c.C.[Tomcat].[localhost].[/] : Initializing Spring DispatcherServlet 'dispatcherServlet'
2026-07-28 20:59:15.651 INFO  [http-nio-8080-exec-1] c.e.a.controller.VendorController : POST /api/v1/vendors — creating vendor 'Petstore'
2026-07-28 20:59:15.739 INFO  [http-nio-8080-exec-1] c.e.a.controller.VendorController : Vendor 'Petstore' created with id=1
2026-07-28 21:08:11.696 WARN  [HikariPool-1 housekeeper] com.zaxxer.hikari.pool.HikariPool : HikariPool-1 - Thread starvation or clock leap detected (housekeeper delta=9m9s352ms).
2026-07-28 21:08:36.551 INFO  [ApiDriftScheduler_Worker-1] c.e.apidrift.config.SpecPollingJob : SpecPollingJob triggered at Tue Jul 28 21:08:36 IST 2026
2026-07-28 21:08:36.601 INFO  [ApiDriftScheduler_Worker-1] c.e.a.service.IngestionOrchestrator : Starting ingestion pipeline for 1 active vendors
2026-07-28 21:08:36.602 INFO  [ApiDriftScheduler_Worker-1] c.e.a.service.IngestionOrchestrator : === Starting pipeline for vendor: Petstore ===
2026-07-28 21:08:36.980 DEBUG [ApiDriftScheduler_Worker-1] c.e.a.engine.EgressFetchService : SSRF validation passed for petstore3.swagger.io -> 54.243.102.73
2026-07-28 21:08:38.589 INFO  [ApiDriftScheduler_Worker-1] c.e.a.engine.EgressFetchService : Successfully fetched spec from https://petstore3.swagger.io/api/v3/openapi.json (17106 bytes)
2026-07-28 21:08:38.602 INFO  [ApiDriftScheduler_Worker-1] c.e.a.e.OpenApiNormalizationService : Parsed and normalized OpenAPI 3.0.4 spec
2026-07-28 21:08:38.608 INFO  [ApiDriftScheduler_Worker-1] c.e.a.e.DirectionalCompatibilityEvaluator : Compatibility evaluation complete: 0 total changes, 0 breaking
2026-07-28 21:08:38.613 INFO  [ApiDriftScheduler_Worker-1] c.e.a.engine.FingerprintService : Dedup complete: 0 total changes, 0 alertable
2026-07-28 21:08:38.615 INFO  [api-drift-alert-1] c.e.a.service.AlertDispatcherService : No alertable changes for vendor Petstore
2026-07-28 21:08:38.628 INFO  [ApiDriftScheduler_Worker-1] c.e.a.service.IngestionOrchestrator : === Pipeline complete for vendor Petstore: 0 changes, 0 breaking, 0 alerts ===
2026-07-28 22:08:05.221 WARN  [HikariPool-1 housekeeper] com.zaxxer.hikari.pool.HikariPool : HikariPool-1 - Thread starvation or clock leap detected (housekeeper delta=9m23s7ms).
2026-07-28 22:44:13.936 INFO  [ApiDriftScheduler_Worker-2] c.e.apidrift.config.SpecPollingJob : SpecPollingJob triggered at Tue Jul 28 22:44:13 IST 2026
2026-07-28 22:44:14.224 INFO  [ApiDriftScheduler_Worker-2] c.e.a.service.IngestionOrchestrator : Starting ingestion pipeline for 1 active vendors
2026-07-28 22:44:14.224 INFO  [ApiDriftScheduler_Worker-2] c.e.a.service.IngestionOrchestrator : === Starting pipeline for vendor: Petstore ===
2026-07-28 22:44:14.693 DEBUG [ApiDriftScheduler_Worker-2] c.e.a.engine.EgressFetchService : SSRF validation passed for petstore3.swagger.io -> 54.243.102.73
2026-07-28 22:55:49.835 WARN  [reactor-http-nio-4] r.n.http.client.HttpClientConnect : [0d03c487, L:/192.168.1.20:51121 - R:petstore3.swagger.io/54.243.102.73:443] The connection observed an error
java.net.SocketException: Connection reset
	at java.base/sun.nio.ch.SocketChannelImpl.throwConnectionReset(SocketChannelImpl.java:401)
	at java.base/sun.nio.ch.SocketChannelImpl.read(SocketChannelImpl.java:434)
	at io.netty.buffer.PooledByteBuf.setBytes(PooledByteBuf.java:255)
	at io.netty.buffer.AbstractByteBuf.writeBytes(AbstractByteBuf.java:1132)
	at io.netty.channel.socket.nio.NioSocketChannel.doReadBytes(NioSocketChannel.java:356)
	at io.netty.channel.nio.AbstractNioByteChannel$NioByteUnsafe.read(AbstractNioByteChannel.java:151)
	at io.netty.channel.nio.NioEventLoop.processSelectedKey(NioEventLoop.java:788)
	at io.netty.channel.nio.NioEventLoop.processSelectedKeysOptimized(NioEventLoop.java:724)
	at io.netty.channel.nio.NioEventLoop.processSelectedKeys(NioEventLoop.java:650)
	at io.netty.channel.nio.NioEventLoop.run(NioEventLoop.java:562)
	at io.netty.util.concurrent.SingleThreadEventExecutor$4.run(SingleThreadEventExecutor.java:994)
	at io.netty.util.internal.ThreadExecutorMap$2.run(ThreadExecutorMap.java:74)
	at io.netty.util.concurrent.FastThreadLocalRunnable.run(FastThreadLocalRunnable.java:30)
	at java.base/java.lang.Thread.run(Thread.java:1583)
2026-07-28 22:55:49.835 ERROR [ApiDriftScheduler_Worker-2] c.e.a.service.IngestionOrchestrator : Pipeline failed for vendor Petstore: Connection reset
org.springframework.web.reactive.function.client.WebClientRequestException: Connection reset
	at org.springframework.web.reactive.function.client.ExchangeFunctions$DefaultExchangeFunction.lambda$wrapException$9(ExchangeFunctions.java:136)
	Suppressed: reactor.core.publisher.FluxOnAssembly$OnAssemblyException: 
Error has been observed at the following site(s):
	*__checkpoint ⇢ Request to GET https://petstore3.swagger.io/api/v3/openapi.json [DefaultWebClient]
Original Stack Trace:
		at org.springframework.web.reactive.function.client.ExchangeFunctions$DefaultExchangeFunction.lambda$wrapException$9(ExchangeFunctions.java:136)
		at reactor.core.publisher.MonoErrorSupplied.subscribe(MonoErrorSupplied.java:55)
		at reactor.core.publisher.Mono.subscribe(Mono.java:4568)
		at reactor.core.publisher.FluxOnErrorResume$ResumeSubscriber.onError(FluxOnErrorResume.java:103)
		at reactor.core.publisher.FluxPeek$PeekSubscriber.onError(FluxPeek.java:222)
		at reactor.core.publisher.FluxPeek$PeekSubscriber.onError(FluxPeek.java:222)
		at reactor.core.publisher.FluxPeek$PeekSubscriber.onError(FluxPeek.java:222)
		at reactor.core.publisher.MonoNext$NextSubscriber.onError(MonoNext.java:93)
		at reactor.core.publisher.MonoFlatMapMany$FlatMapManyMain.onError(MonoFlatMapMany.java:205)
		at reactor.core.publisher.SerializedSubscriber.onError(SerializedSubscriber.java:124)
		at reactor.core.publisher.FluxRetryWhen$RetryWhenMainSubscriber.whenError(FluxRetryWhen.java:229)
		at reactor.core.publisher.FluxRetryWhen$RetryWhenOtherSubscriber.onError(FluxRetryWhen.java:279)
		at reactor.core.publisher.FluxContextWrite$ContextWriteSubscriber.onError(FluxContextWrite.java:121)
		at reactor.core.publisher.FluxConcatMapNoPrefetch$FluxConcatMapNoPrefetchSubscriber.maybeOnError(FluxConcatMapNoPrefetch.java:327)
		at reactor.core.publisher.FluxConcatMapNoPrefetch$FluxConcatMapNoPrefetchSubscriber.onNext(FluxConcatMapNoPrefetch.java:212)
		at reactor.core.publisher.FluxContextWrite$ContextWriteSubscriber.onNext(FluxContextWrite.java:107)
		at reactor.core.publisher.SinkManyEmitterProcessor.drain(SinkManyEmitterProcessor.java:476)
		at reactor.core.publisher.SinkManyEmitterProcessor$EmitterInner.drainParent(SinkManyEmitterProcessor.java:620)
		at reactor.core.publisher.FluxPublish$PubSubInner.request(FluxPublish.java:874)
		at reactor.core.publisher.FluxContextWrite$ContextWriteSubscriber.request(FluxContextWrite.java:136)
		at reactor.core.publisher.FluxConcatMapNoPrefetch$FluxConcatMapNoPrefetchSubscriber.request(FluxConcatMapNoPrefetch.java:337)
		at reactor.core.publisher.FluxContextWrite$ContextWriteSubscriber.request(FluxContextWrite.java:136)
		at reactor.core.publisher.Operators$DeferredSubscription.request(Operators.java:1743)
		at reactor.core.publisher.FluxRetryWhen$RetryWhenMainSubscriber.onError(FluxRetryWhen.java:196)
		at reactor.core.publisher.MonoCreate$DefaultMonoSink.error(MonoCreate.java:205)
		at reactor.netty.http.client.HttpClientConnect$MonoHttpConnect$ClientTransportSubscriber.onError(HttpClientConnect.java:311)
		at reactor.core.publisher.MonoCreate$DefaultMonoSink.error(MonoCreate.java:205)
		at reactor.netty.resources.DefaultPooledConnectionProvider$DisposableAcquire.onUncaughtException(DefaultPooledConnectionProvider.java:222)
		at reactor.netty.resources.DefaultPooledConnectionProvider$PooledConnection.onUncaughtException(DefaultPooledConnectionProvider.java:476)
		at reactor.netty.channel.ChannelOperationsHandler.exceptionCaught(ChannelOperationsHandler.java:148)
		at io.netty.channel.AbstractChannelHandlerContext.invokeExceptionCaught(AbstractChannelHandlerContext.java:346)
		at io.netty.channel.AbstractChannelHandlerContext.invokeExceptionCaught(AbstractChannelHandlerContext.java:325)
		at io.netty.channel.AbstractChannelHandlerContext.fireExceptionCaught(AbstractChannelHandlerContext.java:317)
		at io.netty.channel.CombinedChannelDuplexHandler$DelegatingChannelHandlerContext.fireExceptionCaught(CombinedChannelDuplexHandler.java:424)
		at io.netty.channel.ChannelHandlerAdapter.exceptionCaught(ChannelHandlerAdapter.java:92)
		at io.netty.channel.CombinedChannelDuplexHandler$1.fireExceptionCaught(CombinedChannelDuplexHandler.java:145)
		at io.netty.channel.ChannelInboundHandlerAdapter.exceptionCaught(ChannelInboundHandlerAdapter.java:143)
		at io.netty.channel.CombinedChannelDuplexHandler.exceptionCaught(CombinedChannelDuplexHandler.java:231)
		at io.netty.channel.AbstractChannelHandlerContext.invokeExceptionCaught(AbstractChannelHandlerContext.java:346)
		at io.netty.channel.AbstractChannelHandlerContext.invokeExceptionCaught(AbstractChannelHandlerContext.java:325)
		at io.netty.channel.AbstractChannelHandlerContext.fireExceptionCaught(AbstractChannelHandlerContext.java:317)
		at io.netty.handler.ssl.SslHandler.exceptionCaught(SslHandler.java:1204)
		at io.netty.channel.AbstractChannelHandlerContext.invokeExceptionCaught(AbstractChannelHandlerContext.java:346)
		at io.netty.channel.AbstractChannelHandlerContext.invokeExceptionCaught(AbstractChannelHandlerContext.java:325)
		at io.netty.channel.AbstractChannelHandlerContext.fireExceptionCaught(AbstractChannelHandlerContext.java:317)
		at io.netty.channel.DefaultChannelPipeline$HeadContext.exceptionCaught(DefaultChannelPipeline.java:1374)
		at io.netty.channel.AbstractChannelHandlerContext.invokeExceptionCaught(AbstractChannelHandlerContext.java:346)
		at io.netty.channel.AbstractChannelHandlerContext.invokeExceptionCaught(AbstractChannelHandlerContext.java:325)
		at io.netty.channel.DefaultChannelPipeline.fireExceptionCaught(DefaultChannelPipeline.java:906)
		at io.netty.channel.nio.AbstractNioByteChannel$NioByteUnsafe.handleReadException(AbstractNioByteChannel.java:125)
		at io.netty.channel.nio.AbstractNioByteChannel$NioByteUnsafe.read(AbstractNioByteChannel.java:177)
		at io.netty.channel.nio.NioEventLoop.processSelectedKey(NioEventLoop.java:788)
		at io.netty.channel.nio.NioEventLoop.processSelectedKeysOptimized(NioEventLoop.java:724)
		at io.netty.channel.nio.NioEventLoop.processSelectedKeys(NioEventLoop.java:650)
		at io.netty.channel.nio.NioEventLoop.run(NioEventLoop.java:562)
		at io.netty.util.concurrent.SingleThreadEventExecutor$4.run(SingleThreadEventExecutor.java:994)
		at io.netty.util.internal.ThreadExecutorMap$2.run(ThreadExecutorMap.java:74)
		at io.netty.util.concurrent.FastThreadLocalRunnable.run(FastThreadLocalRunnable.java:30)
		at java.base/java.lang.Thread.run(Thread.java:1583)
	Suppressed: java.lang.Exception: #block terminated with an error
		at reactor.core.publisher.BlockingSingleSubscriber.blockingGet(BlockingSingleSubscriber.java:104)
		at reactor.core.publisher.Mono.block(Mono.java:1779)
		at com.enterprise.apidrift.engine.EgressFetchService.fetchSpec(EgressFetchService.java:60)
		at com.enterprise.apidrift.service.IngestionOrchestrator.runPipeline(IngestionOrchestrator.java:67)
		at com.enterprise.apidrift.service.IngestionOrchestrator.runForAllActiveVendors(IngestionOrchestrator.java:50)
		at java.base/jdk.internal.reflect.DirectMethodHandleAccessor.invoke(DirectMethodHandleAccessor.java:103)
		at java.base/java.lang.reflect.Method.invoke(Method.java:580)
		at org.springframework.aop.support.AopUtils.invokeJoinpointUsingReflection(AopUtils.java:354)
		at org.springframework.aop.framework.CglibAopProxy$DynamicAdvisedInterceptor.intercept(CglibAopProxy.java:716)
		at com.enterprise.apidrift.service.IngestionOrchestrator$$SpringCGLIB$$0.runForAllActiveVendors(<generated>)
		at com.enterprise.apidrift.config.SpecPollingJob.executeInternal(SpecPollingJob.java:30)
		at org.springframework.scheduling.quartz.QuartzJobBean.execute(QuartzJobBean.java:75)
		at org.quartz.core.JobRunShell.run(JobRunShell.java:202)
		at org.quartz.simpl.SimpleThreadPool$WorkerThread.run(SimpleThreadPool.java:573)
Caused by: java.net.SocketException: Connection reset
	at java.base/sun.nio.ch.SocketChannelImpl.throwConnectionReset(SocketChannelImpl.java:401)
	at java.base/sun.nio.ch.SocketChannelImpl.read(SocketChannelImpl.java:434)
	at io.netty.buffer.PooledByteBuf.setBytes(PooledByteBuf.java:255)
	at io.netty.buffer.AbstractByteBuf.writeBytes(AbstractByteBuf.java:1132)
	at io.netty.channel.socket.nio.NioSocketChannel.doReadBytes(NioSocketChannel.java:356)
	at io.netty.channel.nio.AbstractNioByteChannel$NioByteUnsafe.read(AbstractNioByteChannel.java:151)
	at io.netty.channel.nio.NioEventLoop.processSelectedKey(NioEventLoop.java:788)
	at io.netty.channel.nio.NioEventLoop.processSelectedKeysOptimized(NioEventLoop.java:724)
	at io.netty.channel.nio.NioEventLoop.processSelectedKeys(NioEventLoop.java:650)
	at io.netty.channel.nio.NioEventLoop.run(NioEventLoop.java:562)
	at io.netty.util.concurrent.SingleThreadEventExecutor$4.run(SingleThreadEventExecutor.java:994)
	at io.netty.util.internal.ThreadExecutorMap$2.run(ThreadExecutorMap.java:74)
	at io.netty.util.concurrent.FastThreadLocalRunnable.run(FastThreadLocalRunnable.java:30)
	at java.base/java.lang.Thread.run(Thread.java:1583)
2026-07-28 22:55:59.482 WARN  [HikariPool-1 housekeeper] com.zaxxer.hikari.pool.HikariPool : HikariPool-1 - Thread starvation or clock leap detected (housekeeper delta=47m54s271ms).
2026-07-28 22:58:49.135 WARN  [HikariPool-1 housekeeper] com.zaxxer.hikari.pool.HikariPool : HikariPool-1 - Thread starvation or clock leap detected (housekeeper delta=2m49s654ms).
2026-07-28 23:07:18.195 INFO  [ApiDriftScheduler_Worker-3] c.e.apidrift.config.SpecPollingJob : SpecPollingJob triggered at Tue Jul 28 23:07:18 IST 2026
2026-07-28 23:07:18.208 INFO  [ApiDriftScheduler_Worker-3] c.e.a.service.IngestionOrchestrator : Starting ingestion pipeline for 1 active vendors
2026-07-28 23:07:18.208 INFO  [ApiDriftScheduler_Worker-3] c.e.a.service.IngestionOrchestrator : === Starting pipeline for vendor: Petstore ===
2026-07-28 23:07:19.100 DEBUG [ApiDriftScheduler_Worker-3] c.e.a.engine.EgressFetchService : SSRF validation passed for petstore3.swagger.io -> 54.243.102.73
2026-07-28 23:07:20.451 INFO  [ApiDriftScheduler_Worker-3] c.e.a.engine.EgressFetchService : Successfully fetched spec from https://petstore3.swagger.io/api/v3/openapi.json (17106 bytes)
2026-07-28 23:07:20.470 INFO  [ApiDriftScheduler_Worker-3] c.e.a.service.IngestionOrchestrator : NO_CHANGE_DETECTED for vendor Petstore (hash: 00441c05add60f28da55eb4563d3fb6bbda364ba8eb7b381e2e2c98613005c82)
2026-07-28 23:58:31.056 WARN  [HikariPool-1 housekeeper] com.zaxxer.hikari.pool.HikariPool : HikariPool-1 - Thread starvation or clock leap detected (housekeeper delta=59m41s920ms).
